###############################################################################
#
# IAR ELF Linker V8.50.6.265/W32 for ARM                  11/Sep/2023  11:19:51
# Copyright 2007-2020 IAR Systems AB.
#
#    Output file  =
#        C:\Users\kh.lin\Desktop\MiniPAP Code\MiniPAP Code (STM32G474)\Mockup
#        V0.3\minipap-stm32g474ve-develop v0.4.8x
#        (AutoOff)\EWARM\STM32G474VE_OC_RTOS\Exe\STM32G474VE_OC_RTOS.out
#    Map file     =
#        C:\Users\kh.lin\Desktop\MiniPAP Code\MiniPAP Code (STM32G474)\Mockup
#        V0.3\minipap-stm32g474ve-develop v0.4.8x
#        (AutoOff)\EWARM\STM32G474VE_OC_RTOS\List\STM32G474VE_OC_RTOS.map
#    Command line =
#        -f C:\Users\kh.lin\AppData\Local\Temp\EW194D.tmp
#        ("C:\Users\kh.lin\Desktop\MiniPAP Code\MiniPAP Code (STM32G474)\Mockup
#        V0.3\minipap-stm32g474ve-develop v0.4.8x
#        (AutoOff)\EWARM\STM32G474VE_OC_RTOS\Obj\app_fatfs.o"
#        "C:\Users\kh.lin\Desktop\MiniPAP Code\MiniPAP Code (STM32G474)\Mockup
#        V0.3\minipap-stm32g474ve-develop v0.4.8x
#        (AutoOff)\EWARM\STM32G474VE_OC_RTOS\Obj\app_freertos.o"
#        "C:\Users\kh.lin\Desktop\MiniPAP Code\MiniPAP Code (STM32G474)\Mockup
#        V0.3\minipap-stm32g474ve-develop v0.4.8x
#        (AutoOff)\EWARM\STM32G474VE_OC_RTOS\Obj\AutoMode.o"
#        "C:\Users\kh.lin\Desktop\MiniPAP Code\MiniPAP Code (STM32G474)\Mockup
#        V0.3\minipap-stm32g474ve-develop v0.4.8x
#        (AutoOff)\EWARM\STM32G474VE_OC_RTOS\Obj\BreathTask.o"
#        "C:\Users\kh.lin\Desktop\MiniPAP Code\MiniPAP Code (STM32G474)\Mockup
#        V0.3\minipap-stm32g474ve-develop v0.4.8x
#        (AutoOff)\EWARM\STM32G474VE_OC_RTOS\Obj\bsp_w25q64.o"
#        "C:\Users\kh.lin\Desktop\MiniPAP Code\MiniPAP Code (STM32G474)\Mockup
#        V0.3\minipap-stm32g474ve-develop v0.4.8x
#        (AutoOff)\EWARM\STM32G474VE_OC_RTOS\Obj\bus_voltage_sensor.o"
#        "C:\Users\kh.lin\Desktop\MiniPAP Code\MiniPAP Code (STM32G474)\Mockup
#        V0.3\minipap-stm32g474ve-develop v0.4.8x
#        (AutoOff)\EWARM\STM32G474VE_OC_RTOS\Obj\ccsbcs.o"
#        "C:\Users\kh.lin\Desktop\MiniPAP Code\MiniPAP Code (STM32G474)\Mockup
#        V0.3\minipap-stm32g474ve-develop v0.4.8x
#        (AutoOff)\EWARM\STM32G474VE_OC_RTOS\Obj\circle_limitation.o"
#        "C:\Users\kh.lin\Desktop\MiniPAP Code\MiniPAP Code (STM32G474)\Mockup
#        V0.3\minipap-stm32g474ve-develop v0.4.8x
#        (AutoOff)\EWARM\STM32G474VE_OC_RTOS\Obj\cmsis_os.o"
#        "C:\Users\kh.lin\Desktop\MiniPAP Code\MiniPAP Code (STM32G474)\Mockup
#        V0.3\minipap-stm32g474ve-develop v0.4.8x
#        (AutoOff)\EWARM\STM32G474VE_OC_RTOS\Obj\color_led.o"
#        "C:\Users\kh.lin\Desktop\MiniPAP Code\MiniPAP Code (STM32G474)\Mockup
#        V0.3\minipap-stm32g474ve-develop v0.4.8x
#        (AutoOff)\EWARM\STM32G474VE_OC_RTOS\Obj\CPAP.o"
#        "C:\Users\kh.lin\Desktop\MiniPAP Code\MiniPAP Code (STM32G474)\Mockup
#        V0.3\minipap-stm32g474ve-develop v0.4.8x
#        (AutoOff)\EWARM\STM32G474VE_OC_RTOS\Obj\croutine.o"
#        "C:\Users\kh.lin\Desktop\MiniPAP Code\MiniPAP Code (STM32G474)\Mockup
#        V0.3\minipap-stm32g474ve-develop v0.4.8x
#        (AutoOff)\EWARM\STM32G474VE_OC_RTOS\Obj\debug_io.o"
#        "C:\Users\kh.lin\Desktop\MiniPAP Code\MiniPAP Code (STM32G474)\Mockup
#        V0.3\minipap-stm32g474ve-develop v0.4.8x
#        (AutoOff)\EWARM\STM32G474VE_OC_RTOS\Obj\digital_output.o"
#        "C:\Users\kh.lin\Desktop\MiniPAP Code\MiniPAP Code (STM32G474)\Mockup
#        V0.3\minipap-stm32g474ve-develop v0.4.8x
#        (AutoOff)\EWARM\STM32G474VE_OC_RTOS\Obj\diskio.o"
#        "C:\Users\kh.lin\Desktop\MiniPAP Code\MiniPAP Code (STM32G474)\Mockup
#        V0.3\minipap-stm32g474ve-develop v0.4.8x
#        (AutoOff)\EWARM\STM32G474VE_OC_RTOS\Obj\DynamicTemplate.o"
#        "C:\Users\kh.lin\Desktop\MiniPAP Code\MiniPAP Code (STM32G474)\Mockup
#        V0.3\minipap-stm32g474ve-develop v0.4.8x
#        (AutoOff)\EWARM\STM32G474VE_OC_RTOS\Obj\event_groups.o"
#        "C:\Users\kh.lin\Desktop\MiniPAP Code\MiniPAP Code (STM32G474)\Mockup
#        V0.3\minipap-stm32g474ve-develop v0.4.8x
#        (AutoOff)\EWARM\STM32G474VE_OC_RTOS\Obj\EventDetection.o"
#        "C:\Users\kh.lin\Desktop\MiniPAP Code\MiniPAP Code (STM32G474)\Mockup
#        V0.3\minipap-stm32g474ve-develop v0.4.8x
#        (AutoOff)\EWARM\STM32G474VE_OC_RTOS\Obj\ff.o"
#        "C:\Users\kh.lin\Desktop\MiniPAP Code\MiniPAP Code (STM32G474)\Mockup
#        V0.3\minipap-stm32g474ve-develop v0.4.8x
#        (AutoOff)\EWARM\STM32G474VE_OC_RTOS\Obj\ff_gen_drv.o"
#        "C:\Users\kh.lin\Desktop\MiniPAP Code\MiniPAP Code (STM32G474)\Mockup
#        V0.3\minipap-stm32g474ve-develop v0.4.8x
#        (AutoOff)\EWARM\STM32G474VE_OC_RTOS\Obj\FlowLimitation.o"
#        "C:\Users\kh.lin\Desktop\MiniPAP Code\MiniPAP Code (STM32G474)\Mockup
#        V0.3\minipap-stm32g474ve-develop v0.4.8x
#        (AutoOff)\EWARM\STM32G474VE_OC_RTOS\Obj\FlowProcess.o"
#        "C:\Users\kh.lin\Desktop\MiniPAP Code\MiniPAP Code (STM32G474)\Mockup
#        V0.3\minipap-stm32g474ve-develop v0.4.8x
#        (AutoOff)\EWARM\STM32G474VE_OC_RTOS\Obj\frame_communication_protocol.o"
#        "C:\Users\kh.lin\Desktop\MiniPAP Code\MiniPAP Code (STM32G474)\Mockup
#        V0.3\minipap-stm32g474ve-develop v0.4.8x
#        (AutoOff)\EWARM\STM32G474VE_OC_RTOS\Obj\heap_4.o"
#        "C:\Users\kh.lin\Desktop\MiniPAP Code\MiniPAP Code (STM32G474)\Mockup
#        V0.3\minipap-stm32g474ve-develop v0.4.8x
#        (AutoOff)\EWARM\STM32G474VE_OC_RTOS\Obj\key_fifo.o"
#        "C:\Users\kh.lin\Desktop\MiniPAP Code\MiniPAP Code (STM32G474)\Mockup
#        V0.3\minipap-stm32g474ve-develop v0.4.8x
#        (AutoOff)\EWARM\STM32G474VE_OC_RTOS\Obj\LeakManagement.o"
#        "C:\Users\kh.lin\Desktop\MiniPAP Code\MiniPAP Code (STM32G474)\Mockup
#        V0.3\minipap-stm32g474ve-develop v0.4.8x
#        (AutoOff)\EWARM\STM32G474VE_OC_RTOS\Obj\led.o"
#        "C:\Users\kh.lin\Desktop\MiniPAP Code\MiniPAP Code (STM32G474)\Mockup
#        V0.3\minipap-stm32g474ve-develop v0.4.8x
#        (AutoOff)\EWARM\STM32G474VE_OC_RTOS\Obj\list.o"
#        "C:\Users\kh.lin\Desktop\MiniPAP Code\MiniPAP Code (STM32G474)\Mockup
#        V0.3\minipap-stm32g474ve-develop v0.4.8x
#        (AutoOff)\EWARM\STM32G474VE_OC_RTOS\Obj\main.o"
#        "C:\Users\kh.lin\Desktop\MiniPAP Code\MiniPAP Code (STM32G474)\Mockup
#        V0.3\minipap-stm32g474ve-develop v0.4.8x
#        (AutoOff)\EWARM\STM32G474VE_OC_RTOS\Obj\mc_api.o"
#        "C:\Users\kh.lin\Desktop\MiniPAP Code\MiniPAP Code (STM32G474)\Mockup
#        V0.3\minipap-stm32g474ve-develop v0.4.8x
#        (AutoOff)\EWARM\STM32G474VE_OC_RTOS\Obj\mc_config.o"
#        "C:\Users\kh.lin\Desktop\MiniPAP Code\MiniPAP Code (STM32G474)\Mockup
#        V0.3\minipap-stm32g474ve-develop v0.4.8x
#        (AutoOff)\EWARM\STM32G474VE_OC_RTOS\Obj\mc_interface.o"
#        "C:\Users\kh.lin\Desktop\MiniPAP Code\MiniPAP Code (STM32G474)\Mockup
#        V0.3\minipap-stm32g474ve-develop v0.4.8x
#        (AutoOff)\EWARM\STM32G474VE_OC_RTOS\Obj\mc_math.o"
#        "C:\Users\kh.lin\Desktop\MiniPAP Code\MiniPAP Code (STM32G474)\Mockup
#        V0.3\minipap-stm32g474ve-develop v0.4.8x
#        (AutoOff)\EWARM\STM32G474VE_OC_RTOS\Obj\mc_parameters.o"
#        "C:\Users\kh.lin\Desktop\MiniPAP Code\MiniPAP Code (STM32G474)\Mockup
#        V0.3\minipap-stm32g474ve-develop v0.4.8x
#        (AutoOff)\EWARM\STM32G474VE_OC_RTOS\Obj\mc_tasks.o"
#        "C:\Users\kh.lin\Desktop\MiniPAP Code\MiniPAP Code (STM32G474)\Mockup
#        V0.3\minipap-stm32g474ve-develop v0.4.8x
#        (AutoOff)\EWARM\STM32G474VE_OC_RTOS\Obj\motor_control.o"
#        "C:\Users\kh.lin\Desktop\MiniPAP Code\MiniPAP Code (STM32G474)\Mockup
#        V0.3\minipap-stm32g474ve-develop v0.4.8x
#        (AutoOff)\EWARM\STM32G474VE_OC_RTOS\Obj\motor_control_protocol.o"
#        "C:\Users\kh.lin\Desktop\MiniPAP Code\MiniPAP Code (STM32G474)\Mockup
#        V0.3\minipap-stm32g474ve-develop v0.4.8x
#        (AutoOff)\EWARM\STM32G474VE_OC_RTOS\Obj\motor_power_measurement.o"
#        "C:\Users\kh.lin\Desktop\MiniPAP Code\MiniPAP Code (STM32G474)\Mockup
#        V0.3\minipap-stm32g474ve-develop v0.4.8x
#        (AutoOff)\EWARM\STM32G474VE_OC_RTOS\Obj\motorcontrol.o"
#        "C:\Users\kh.lin\Desktop\MiniPAP Code\MiniPAP Code (STM32G474)\Mockup
#        V0.3\minipap-stm32g474ve-develop v0.4.8x
#        (AutoOff)\EWARM\STM32G474VE_OC_RTOS\Obj\ntc_temperature_sensor.o"
#        "C:\Users\kh.lin\Desktop\MiniPAP Code\MiniPAP Code (STM32G474)\Mockup
#        V0.3\minipap-stm32g474ve-develop v0.4.8x
#        (AutoOff)\EWARM\STM32G474VE_OC_RTOS\Obj\open_loop.o"
#        "C:\Users\kh.lin\Desktop\MiniPAP Code\MiniPAP Code (STM32G474)\Mockup
#        V0.3\minipap-stm32g474ve-develop v0.4.8x
#        (AutoOff)\EWARM\STM32G474VE_OC_RTOS\Obj\pid_regulator.o"
#        "C:\Users\kh.lin\Desktop\MiniPAP Code\MiniPAP Code (STM32G474)\Mockup
#        V0.3\minipap-stm32g474ve-develop v0.4.8x
#        (AutoOff)\EWARM\STM32G474VE_OC_RTOS\Obj\port.o"
#        "C:\Users\kh.lin\Desktop\MiniPAP Code\MiniPAP Code (STM32G474)\Mockup
#        V0.3\minipap-stm32g474ve-develop v0.4.8x
#        (AutoOff)\EWARM\STM32G474VE_OC_RTOS\Obj\portasm.o"
#        "C:\Users\kh.lin\Desktop\MiniPAP Code\MiniPAP Code (STM32G474)\Mockup
#        V0.3\minipap-stm32g474ve-develop v0.4.8x
#        (AutoOff)\EWARM\STM32G474VE_OC_RTOS\Obj\pqd_motor_power_measurement.o"
#        "C:\Users\kh.lin\Desktop\MiniPAP Code\MiniPAP Code (STM32G474)\Mockup
#        V0.3\minipap-stm32g474ve-develop v0.4.8x
#        (AutoOff)\EWARM\STM32G474VE_OC_RTOS\Obj\PressureControl.o"
#        "C:\Users\kh.lin\Desktop\MiniPAP Code\MiniPAP Code (STM32G474)\Mockup
#        V0.3\minipap-stm32g474ve-develop v0.4.8x
#        (AutoOff)\EWARM\STM32G474VE_OC_RTOS\Obj\PressureTask.o"
#        "C:\Users\kh.lin\Desktop\MiniPAP Code\MiniPAP Code (STM32G474)\Mockup
#        V0.3\minipap-stm32g474ve-develop v0.4.8x
#        (AutoOff)\EWARM\STM32G474VE_OC_RTOS\Obj\pwm_common.o"
#        "C:\Users\kh.lin\Desktop\MiniPAP Code\MiniPAP Code (STM32G474)\Mockup
#        V0.3\minipap-stm32g474ve-develop v0.4.8x
#        (AutoOff)\EWARM\STM32G474VE_OC_RTOS\Obj\pwm_curr_fdbk.o"
#        "C:\Users\kh.lin\Desktop\MiniPAP Code\MiniPAP Code (STM32G474)\Mockup
#        V0.3\minipap-stm32g474ve-develop v0.4.8x
#        (AutoOff)\EWARM\STM32G474VE_OC_RTOS\Obj\queue.o"
#        "C:\Users\kh.lin\Desktop\MiniPAP Code\MiniPAP Code (STM32G474)\Mockup
#        V0.3\minipap-stm32g474ve-develop v0.4.8x
#        (AutoOff)\EWARM\STM32G474VE_OC_RTOS\Obj\r3_2_g4xx_pwm_curr_fdbk.o"
#        "C:\Users\kh.lin\Desktop\MiniPAP Code\MiniPAP Code (STM32G474)\Mockup
#        V0.3\minipap-stm32g474ve-develop v0.4.8x
#        (AutoOff)\EWARM\STM32G474VE_OC_RTOS\Obj\r_divider_bus_voltage_sensor.o"
#        "C:\Users\kh.lin\Desktop\MiniPAP Code\MiniPAP Code (STM32G474)\Mockup
#        V0.3\minipap-stm32g474ve-develop v0.4.8x
#        (AutoOff)\EWARM\STM32G474VE_OC_RTOS\Obj\ramp_ext_mngr.o"
#        "C:\Users\kh.lin\Desktop\MiniPAP Code\MiniPAP Code (STM32G474)\Mockup
#        V0.3\minipap-stm32g474ve-develop v0.4.8x
#        (AutoOff)\EWARM\STM32G474VE_OC_RTOS\Obj\regular_adc.o"
#        "C:\Users\kh.lin\Desktop\MiniPAP Code\MiniPAP Code (STM32G474)\Mockup
#        V0.3\minipap-stm32g474ve-develop v0.4.8x
#        (AutoOff)\EWARM\STM32G474VE_OC_RTOS\Obj\regular_conversion_manager.o"
#        "C:\Users\kh.lin\Desktop\MiniPAP Code\MiniPAP Code (STM32G474)\Mockup
#        V0.3\minipap-stm32g474ve-develop v0.4.8x
#        (AutoOff)\EWARM\STM32G474VE_OC_RTOS\Obj\revup_ctrl.o"
#        "C:\Users\kh.lin\Desktop\MiniPAP Code\MiniPAP Code (STM32G474)\Mockup
#        V0.3\minipap-stm32g474ve-develop v0.4.8x
#        (AutoOff)\EWARM\STM32G474VE_OC_RTOS\Obj\rtc.o"
#        "C:\Users\kh.lin\Desktop\MiniPAP Code\MiniPAP Code (STM32G474)\Mockup
#        V0.3\minipap-stm32g474ve-develop v0.4.8x
#        (AutoOff)\EWARM\STM32G474VE_OC_RTOS\Obj\sensor_flow.o"
#        "C:\Users\kh.lin\Desktop\MiniPAP Code\MiniPAP Code (STM32G474)\Mockup
#        V0.3\minipap-stm32g474ve-develop v0.4.8x
#        (AutoOff)\EWARM\STM32G474VE_OC_RTOS\Obj\sensor_if.o"
#        "C:\Users\kh.lin\Desktop\MiniPAP Code\MiniPAP Code (STM32G474)\Mockup
#        V0.3\minipap-stm32g474ve-develop v0.4.8x
#        (AutoOff)\EWARM\STM32G474VE_OC_RTOS\Obj\sensor_pressure.o"
#        "C:\Users\kh.lin\Desktop\MiniPAP Code\MiniPAP Code (STM32G474)\Mockup
#        V0.3\minipap-stm32g474ve-develop v0.4.8x
#        (AutoOff)\EWARM\STM32G474VE_OC_RTOS\Obj\sort.o"
#        "C:\Users\kh.lin\Desktop\MiniPAP Code\MiniPAP Code (STM32G474)\Mockup
#        V0.3\minipap-stm32g474ve-develop v0.4.8x
#        (AutoOff)\EWARM\STM32G474VE_OC_RTOS\Obj\speed_pos_fdbk.o"
#        "C:\Users\kh.lin\Desktop\MiniPAP Code\MiniPAP Code (STM32G474)\Mockup
#        V0.3\minipap-stm32g474ve-develop v0.4.8x
#        (AutoOff)\EWARM\STM32G474VE_OC_RTOS\Obj\speed_torq_ctrl.o"
#        "C:\Users\kh.lin\Desktop\MiniPAP Code\MiniPAP Code (STM32G474)\Mockup
#        V0.3\minipap-stm32g474ve-develop v0.4.8x
#        (AutoOff)\EWARM\STM32G474VE_OC_RTOS\Obj\startup_stm32g474xx.o"
#        "C:\Users\kh.lin\Desktop\MiniPAP Code\MiniPAP Code (STM32G474)\Mockup
#        V0.3\minipap-stm32g474ve-develop v0.4.8x
#        (AutoOff)\EWARM\STM32G474VE_OC_RTOS\Obj\state_machine.o"
#        "C:\Users\kh.lin\Desktop\MiniPAP Code\MiniPAP Code (STM32G474)\Mockup
#        V0.3\minipap-stm32g474ve-develop v0.4.8x
#        (AutoOff)\EWARM\STM32G474VE_OC_RTOS\Obj\stm32g4xx_hal.o"
#        "C:\Users\kh.lin\Desktop\MiniPAP Code\MiniPAP Code (STM32G474)\Mockup
#        V0.3\minipap-stm32g474ve-develop v0.4.8x
#        (AutoOff)\EWARM\STM32G474VE_OC_RTOS\Obj\stm32g4xx_hal_adc.o"
#        "C:\Users\kh.lin\Desktop\MiniPAP Code\MiniPAP Code (STM32G474)\Mockup
#        V0.3\minipap-stm32g474ve-develop v0.4.8x
#        (AutoOff)\EWARM\STM32G474VE_OC_RTOS\Obj\stm32g4xx_hal_adc_ex.o"
#        "C:\Users\kh.lin\Desktop\MiniPAP Code\MiniPAP Code (STM32G474)\Mockup
#        V0.3\minipap-stm32g474ve-develop v0.4.8x
#        (AutoOff)\EWARM\STM32G474VE_OC_RTOS\Obj\stm32g4xx_hal_comp.o"
#        "C:\Users\kh.lin\Desktop\MiniPAP Code\MiniPAP Code (STM32G474)\Mockup
#        V0.3\minipap-stm32g474ve-develop v0.4.8x
#        (AutoOff)\EWARM\STM32G474VE_OC_RTOS\Obj\stm32g4xx_hal_cordic.o"
#        "C:\Users\kh.lin\Desktop\MiniPAP Code\MiniPAP Code (STM32G474)\Mockup
#        V0.3\minipap-stm32g474ve-develop v0.4.8x
#        (AutoOff)\EWARM\STM32G474VE_OC_RTOS\Obj\stm32g4xx_hal_cortex.o"
#        "C:\Users\kh.lin\Desktop\MiniPAP Code\MiniPAP Code (STM32G474)\Mockup
#        V0.3\minipap-stm32g474ve-develop v0.4.8x
#        (AutoOff)\EWARM\STM32G474VE_OC_RTOS\Obj\stm32g4xx_hal_dma.o"
#        "C:\Users\kh.lin\Desktop\MiniPAP Code\MiniPAP Code (STM32G474)\Mockup
#        V0.3\minipap-stm32g474ve-develop v0.4.8x
#        (AutoOff)\EWARM\STM32G474VE_OC_RTOS\Obj\stm32g4xx_hal_dma_ex.o"
#        "C:\Users\kh.lin\Desktop\MiniPAP Code\MiniPAP Code (STM32G474)\Mockup
#        V0.3\minipap-stm32g474ve-develop v0.4.8x
#        (AutoOff)\EWARM\STM32G474VE_OC_RTOS\Obj\stm32g4xx_hal_exti.o"
#        "C:\Users\kh.lin\Desktop\MiniPAP Code\MiniPAP Code (STM32G474)\Mockup
#        V0.3\minipap-stm32g474ve-develop v0.4.8x
#        (AutoOff)\EWARM\STM32G474VE_OC_RTOS\Obj\stm32g4xx_hal_flash.o"
#        "C:\Users\kh.lin\Desktop\MiniPAP Code\MiniPAP Code (STM32G474)\Mockup
#        V0.3\minipap-stm32g474ve-develop v0.4.8x
#        (AutoOff)\EWARM\STM32G474VE_OC_RTOS\Obj\stm32g4xx_hal_flash_ex.o"
#        "C:\Users\kh.lin\Desktop\MiniPAP Code\MiniPAP Code (STM32G474)\Mockup
#        V0.3\minipap-stm32g474ve-develop v0.4.8x
#        (AutoOff)\EWARM\STM32G474VE_OC_RTOS\Obj\stm32g4xx_hal_flash_ramfunc.o"
#        "C:\Users\kh.lin\Desktop\MiniPAP Code\MiniPAP Code (STM32G474)\Mockup
#        V0.3\minipap-stm32g474ve-develop v0.4.8x
#        (AutoOff)\EWARM\STM32G474VE_OC_RTOS\Obj\stm32g4xx_hal_gpio.o"
#        "C:\Users\kh.lin\Desktop\MiniPAP Code\MiniPAP Code (STM32G474)\Mockup
#        V0.3\minipap-stm32g474ve-develop v0.4.8x
#        (AutoOff)\EWARM\STM32G474VE_OC_RTOS\Obj\stm32g4xx_hal_i2c.o"
#        "C:\Users\kh.lin\Desktop\MiniPAP Code\MiniPAP Code (STM32G474)\Mockup
#        V0.3\minipap-stm32g474ve-develop v0.4.8x
#        (AutoOff)\EWARM\STM32G474VE_OC_RTOS\Obj\stm32g4xx_hal_i2c_ex.o"
#        "C:\Users\kh.lin\Desktop\MiniPAP Code\MiniPAP Code (STM32G474)\Mockup
#        V0.3\minipap-stm32g474ve-develop v0.4.8x
#        (AutoOff)\EWARM\STM32G474VE_OC_RTOS\Obj\stm32g4xx_hal_msp.o"
#        "C:\Users\kh.lin\Desktop\MiniPAP Code\MiniPAP Code (STM32G474)\Mockup
#        V0.3\minipap-stm32g474ve-develop v0.4.8x
#        (AutoOff)\EWARM\STM32G474VE_OC_RTOS\Obj\stm32g4xx_hal_opamp.o"
#        "C:\Users\kh.lin\Desktop\MiniPAP Code\MiniPAP Code (STM32G474)\Mockup
#        V0.3\minipap-stm32g474ve-develop v0.4.8x
#        (AutoOff)\EWARM\STM32G474VE_OC_RTOS\Obj\stm32g4xx_hal_opamp_ex.o"
#        "C:\Users\kh.lin\Desktop\MiniPAP Code\MiniPAP Code (STM32G474)\Mockup
#        V0.3\minipap-stm32g474ve-develop v0.4.8x
#        (AutoOff)\EWARM\STM32G474VE_OC_RTOS\Obj\stm32g4xx_hal_pcd.o"
#        "C:\Users\kh.lin\Desktop\MiniPAP Code\MiniPAP Code (STM32G474)\Mockup
#        V0.3\minipap-stm32g474ve-develop v0.4.8x
#        (AutoOff)\EWARM\STM32G474VE_OC_RTOS\Obj\stm32g4xx_hal_pcd_ex.o"
#        "C:\Users\kh.lin\Desktop\MiniPAP Code\MiniPAP Code (STM32G474)\Mockup
#        V0.3\minipap-stm32g474ve-develop v0.4.8x
#        (AutoOff)\EWARM\STM32G474VE_OC_RTOS\Obj\stm32g4xx_hal_pwr.o"
#        "C:\Users\kh.lin\Desktop\MiniPAP Code\MiniPAP Code (STM32G474)\Mockup
#        V0.3\minipap-stm32g474ve-develop v0.4.8x
#        (AutoOff)\EWARM\STM32G474VE_OC_RTOS\Obj\stm32g4xx_hal_pwr_ex.o"
#        "C:\Users\kh.lin\Desktop\MiniPAP Code\MiniPAP Code (STM32G474)\Mockup
#        V0.3\minipap-stm32g474ve-develop v0.4.8x
#        (AutoOff)\EWARM\STM32G474VE_OC_RTOS\Obj\stm32g4xx_hal_qspi.o"
#        "C:\Users\kh.lin\Desktop\MiniPAP Code\MiniPAP Code (STM32G474)\Mockup
#        V0.3\minipap-stm32g474ve-develop v0.4.8x
#        (AutoOff)\EWARM\STM32G474VE_OC_RTOS\Obj\stm32g4xx_hal_rcc.o"
#        "C:\Users\kh.lin\Desktop\MiniPAP Code\MiniPAP Code (STM32G474)\Mockup
#        V0.3\minipap-stm32g474ve-develop v0.4.8x
#        (AutoOff)\EWARM\STM32G474VE_OC_RTOS\Obj\stm32g4xx_hal_rcc_ex.o"
#        "C:\Users\kh.lin\Desktop\MiniPAP Code\MiniPAP Code (STM32G474)\Mockup
#        V0.3\minipap-stm32g474ve-develop v0.4.8x
#        (AutoOff)\EWARM\STM32G474VE_OC_RTOS\Obj\stm32g4xx_hal_rtc.o"
#        "C:\Users\kh.lin\Desktop\MiniPAP Code\MiniPAP Code (STM32G474)\Mockup
#        V0.3\minipap-stm32g474ve-develop v0.4.8x
#        (AutoOff)\EWARM\STM32G474VE_OC_RTOS\Obj\stm32g4xx_hal_rtc_ex.o"
#        "C:\Users\kh.lin\Desktop\MiniPAP Code\MiniPAP Code (STM32G474)\Mockup
#        V0.3\minipap-stm32g474ve-develop v0.4.8x
#        (AutoOff)\EWARM\STM32G474VE_OC_RTOS\Obj\stm32g4xx_hal_tim.o"
#        "C:\Users\kh.lin\Desktop\MiniPAP Code\MiniPAP Code (STM32G474)\Mockup
#        V0.3\minipap-stm32g474ve-develop v0.4.8x
#        (AutoOff)\EWARM\STM32G474VE_OC_RTOS\Obj\stm32g4xx_hal_tim_ex.o"
#        "C:\Users\kh.lin\Desktop\MiniPAP Code\MiniPAP Code (STM32G474)\Mockup
#        V0.3\minipap-stm32g474ve-develop v0.4.8x
#        (AutoOff)\EWARM\STM32G474VE_OC_RTOS\Obj\stm32g4xx_hal_timebase_tim.o"
#        "C:\Users\kh.lin\Desktop\MiniPAP Code\MiniPAP Code (STM32G474)\Mockup
#        V0.3\minipap-stm32g474ve-develop v0.4.8x
#        (AutoOff)\EWARM\STM32G474VE_OC_RTOS\Obj\stm32g4xx_hal_uart.o"
#        "C:\Users\kh.lin\Desktop\MiniPAP Code\MiniPAP Code (STM32G474)\Mockup
#        V0.3\minipap-stm32g474ve-develop v0.4.8x
#        (AutoOff)\EWARM\STM32G474VE_OC_RTOS\Obj\stm32g4xx_hal_uart_ex.o"
#        "C:\Users\kh.lin\Desktop\MiniPAP Code\MiniPAP Code (STM32G474)\Mockup
#        V0.3\minipap-stm32g474ve-develop v0.4.8x
#        (AutoOff)\EWARM\STM32G474VE_OC_RTOS\Obj\stm32g4xx_it.o"
#        "C:\Users\kh.lin\Desktop\MiniPAP Code\MiniPAP Code (STM32G474)\Mockup
#        V0.3\minipap-stm32g474ve-develop v0.4.8x
#        (AutoOff)\EWARM\STM32G474VE_OC_RTOS\Obj\stm32g4xx_ll_adc.o"
#        "C:\Users\kh.lin\Desktop\MiniPAP Code\MiniPAP Code (STM32G474)\Mockup
#        V0.3\minipap-stm32g474ve-develop v0.4.8x
#        (AutoOff)\EWARM\STM32G474VE_OC_RTOS\Obj\stm32g4xx_ll_dma.o"
#        "C:\Users\kh.lin\Desktop\MiniPAP Code\MiniPAP Code (STM32G474)\Mockup
#        V0.3\minipap-stm32g474ve-develop v0.4.8x
#        (AutoOff)\EWARM\STM32G474VE_OC_RTOS\Obj\stm32g4xx_ll_exti.o"
#        "C:\Users\kh.lin\Desktop\MiniPAP Code\MiniPAP Code (STM32G474)\Mockup
#        V0.3\minipap-stm32g474ve-develop v0.4.8x
#        (AutoOff)\EWARM\STM32G474VE_OC_RTOS\Obj\stm32g4xx_ll_gpio.o"
#        "C:\Users\kh.lin\Desktop\MiniPAP Code\MiniPAP Code (STM32G474)\Mockup
#        V0.3\minipap-stm32g474ve-develop v0.4.8x
#        (AutoOff)\EWARM\STM32G474VE_OC_RTOS\Obj\stm32g4xx_ll_ucpd.o"
#        "C:\Users\kh.lin\Desktop\MiniPAP Code\MiniPAP Code (STM32G474)\Mockup
#        V0.3\minipap-stm32g474ve-develop v0.4.8x
#        (AutoOff)\EWARM\STM32G474VE_OC_RTOS\Obj\stm32g4xx_ll_usb.o"
#        "C:\Users\kh.lin\Desktop\MiniPAP Code\MiniPAP Code (STM32G474)\Mockup
#        V0.3\minipap-stm32g474ve-develop v0.4.8x
#        (AutoOff)\EWARM\STM32G474VE_OC_RTOS\Obj\stm32g4xx_ll_utils.o"
#        "C:\Users\kh.lin\Desktop\MiniPAP Code\MiniPAP Code (STM32G474)\Mockup
#        V0.3\minipap-stm32g474ve-develop v0.4.8x
#        (AutoOff)\EWARM\STM32G474VE_OC_RTOS\Obj\stm32g4xx_mc_it.o"
#        "C:\Users\kh.lin\Desktop\MiniPAP Code\MiniPAP Code (STM32G474)\Mockup
#        V0.3\minipap-stm32g474ve-develop v0.4.8x
#        (AutoOff)\EWARM\STM32G474VE_OC_RTOS\Obj\sto_pll_speed_pos_fdbk.o"
#        "C:\Users\kh.lin\Desktop\MiniPAP Code\MiniPAP Code (STM32G474)\Mockup
#        V0.3\minipap-stm32g474ve-develop v0.4.8x
#        (AutoOff)\EWARM\STM32G474VE_OC_RTOS\Obj\stream_buffer.o"
#        "C:\Users\kh.lin\Desktop\MiniPAP Code\MiniPAP Code (STM32G474)\Mockup
#        V0.3\minipap-stm32g474ve-develop v0.4.8x
#        (AutoOff)\EWARM\STM32G474VE_OC_RTOS\Obj\Swing.o"
#        "C:\Users\kh.lin\Desktop\MiniPAP Code\MiniPAP Code (STM32G474)\Mockup
#        V0.3\minipap-stm32g474ve-develop v0.4.8x
#        (AutoOff)\EWARM\STM32G474VE_OC_RTOS\Obj\syscall.o"
#        "C:\Users\kh.lin\Desktop\MiniPAP Code\MiniPAP Code (STM32G474)\Mockup
#        V0.3\minipap-stm32g474ve-develop v0.4.8x
#        (AutoOff)\EWARM\STM32G474VE_OC_RTOS\Obj\system_stm32g4xx.o"
#        "C:\Users\kh.lin\Desktop\MiniPAP Code\MiniPAP Code (STM32G474)\Mockup
#        V0.3\minipap-stm32g474ve-develop v0.4.8x
#        (AutoOff)\EWARM\STM32G474VE_OC_RTOS\Obj\tasks.o"
#        "C:\Users\kh.lin\Desktop\MiniPAP Code\MiniPAP Code (STM32G474)\Mockup
#        V0.3\minipap-stm32g474ve-develop v0.4.8x
#        (AutoOff)\EWARM\STM32G474VE_OC_RTOS\Obj\timer.o"
#        "C:\Users\kh.lin\Desktop\MiniPAP Code\MiniPAP Code (STM32G474)\Mockup
#        V0.3\minipap-stm32g474ve-develop v0.4.8x
#        (AutoOff)\EWARM\STM32G474VE_OC_RTOS\Obj\timeRoutine.o"
#        "C:\Users\kh.lin\Desktop\MiniPAP Code\MiniPAP Code (STM32G474)\Mockup
#        V0.3\minipap-stm32g474ve-develop v0.4.8x
#        (AutoOff)\EWARM\STM32G474VE_OC_RTOS\Obj\timers.o"
#        "C:\Users\kh.lin\Desktop\MiniPAP Code\MiniPAP Code (STM32G474)\Mockup
#        V0.3\minipap-stm32g474ve-develop v0.4.8x
#        (AutoOff)\EWARM\STM32G474VE_OC_RTOS\Obj\ui_irq_handler.o"
#        "C:\Users\kh.lin\Desktop\MiniPAP Code\MiniPAP Code (STM32G474)\Mockup
#        V0.3\minipap-stm32g474ve-develop v0.4.8x
#        (AutoOff)\EWARM\STM32G474VE_OC_RTOS\Obj\ui_task.o"
#        "C:\Users\kh.lin\Desktop\MiniPAP Code\MiniPAP Code (STM32G474)\Mockup
#        V0.3\minipap-stm32g474ve-develop v0.4.8x
#        (AutoOff)\EWARM\STM32G474VE_OC_RTOS\Obj\usart_frame_communication_protocol.o"
#        "C:\Users\kh.lin\Desktop\MiniPAP Code\MiniPAP Code (STM32G474)\Mockup
#        V0.3\minipap-stm32g474ve-develop v0.4.8x
#        (AutoOff)\EWARM\STM32G474VE_OC_RTOS\Obj\usb_device.o"
#        "C:\Users\kh.lin\Desktop\MiniPAP Code\MiniPAP Code (STM32G474)\Mockup
#        V0.3\minipap-stm32g474ve-develop v0.4.8x
#        (AutoOff)\EWARM\STM32G474VE_OC_RTOS\Obj\usbd_cdc.o"
#        "C:\Users\kh.lin\Desktop\MiniPAP Code\MiniPAP Code (STM32G474)\Mockup
#        V0.3\minipap-stm32g474ve-develop v0.4.8x
#        (AutoOff)\EWARM\STM32G474VE_OC_RTOS\Obj\usbd_cdc_if.o"
#        "C:\Users\kh.lin\Desktop\MiniPAP Code\MiniPAP Code (STM32G474)\Mockup
#        V0.3\minipap-stm32g474ve-develop v0.4.8x
#        (AutoOff)\EWARM\STM32G474VE_OC_RTOS\Obj\usbd_conf.o"
#        "C:\Users\kh.lin\Desktop\MiniPAP Code\MiniPAP Code (STM32G474)\Mockup
#        V0.3\minipap-stm32g474ve-develop v0.4.8x
#        (AutoOff)\EWARM\STM32G474VE_OC_RTOS\Obj\usbd_core.o"
#        "C:\Users\kh.lin\Desktop\MiniPAP Code\MiniPAP Code (STM32G474)\Mockup
#        V0.3\minipap-stm32g474ve-develop v0.4.8x
#        (AutoOff)\EWARM\STM32G474VE_OC_RTOS\Obj\usbd_ctlreq.o"
#        "C:\Users\kh.lin\Desktop\MiniPAP Code\MiniPAP Code (STM32G474)\Mockup
#        V0.3\minipap-stm32g474ve-develop v0.4.8x
#        (AutoOff)\EWARM\STM32G474VE_OC_RTOS\Obj\usbd_desc.o"
#        "C:\Users\kh.lin\Desktop\MiniPAP Code\MiniPAP Code (STM32G474)\Mockup
#        V0.3\minipap-stm32g474ve-develop v0.4.8x
#        (AutoOff)\EWARM\STM32G474VE_OC_RTOS\Obj\usbd_ioreq.o"
#        "C:\Users\kh.lin\Desktop\MiniPAP Code\MiniPAP Code (STM32G474)\Mockup
#        V0.3\minipap-stm32g474ve-develop v0.4.8x
#        (AutoOff)\EWARM\STM32G474VE_OC_RTOS\Obj\user_diskio.o"
#        "C:\Users\kh.lin\Desktop\MiniPAP Code\MiniPAP Code (STM32G474)\Mockup
#        V0.3\minipap-stm32g474ve-develop v0.4.8x
#        (AutoOff)\EWARM\STM32G474VE_OC_RTOS\Obj\user_interface.o"
#        "C:\Users\kh.lin\Desktop\MiniPAP Code\MiniPAP Code (STM32G474)\Mockup
#        V0.3\minipap-stm32g474ve-develop v0.4.8x
#        (AutoOff)\EWARM\STM32G474VE_OC_RTOS\Obj\virtual_speed_sensor.o"
#        --redirect _Printf=_PrintfFull --redirect _Scanf=_ScanfFull
#        --no_out_extension -o "C:\Users\kh.lin\Desktop\MiniPAP Code\MiniPAP
#        Code (STM32G474)\Mockup V0.3\minipap-stm32g474ve-develop v0.4.8x
#        (AutoOff)\EWARM\STM32G474VE_OC_RTOS\Exe\STM32G474VE_OC_RTOS.out" --map
#        "C:\Users\kh.lin\Desktop\MiniPAP Code\MiniPAP Code (STM32G474)\Mockup
#        V0.3\minipap-stm32g474ve-develop v0.4.8x
#        (AutoOff)\EWARM\STM32G474VE_OC_RTOS\List\STM32G474VE_OC_RTOS.map"
#        --config "C:\Users\kh.lin\Desktop\MiniPAP Code\MiniPAP Code
#        (STM32G474)\Mockup V0.3\minipap-stm32g474ve-develop v0.4.8x
#        (AutoOff)\EWARM/stm32g474xx_flash.icf" --semihosting --entry
#        __iar_program_start --vfe --enable_stack_usage --text_out locale)
#
###############################################################################

*******************************************************************************
*** MESSAGES
***

Warning[Ls014]: [stack usage analysis] at least one function does not have
          stack usage information. Example: "vPortStartFirstTask". A complete
          list of such functions is in the map file.
Warning[Ls016]: [stack usage analysis] the program contains at least one
          indirect call. Example: from "PWMC_SwitchOffPWM". A complete list of
          such functions is in the map file.


*******************************************************************************
*** RUNTIME MODEL ATTRIBUTES
***

CppFlavor       = *
__SystemLibrary = DLib
__dlib_version  = 6


*******************************************************************************
*** HEAP SELECTION
***

The basic heap was selected because no calls to memory allocation
functions were found in the application outside of system library
functions, and there are calls to deallocation functions in the
application.


*******************************************************************************
*** PLACEMENT SUMMARY
***

"A0":  place at address 0x800'0000 { ro section .intvec };
"P1":  place in [from 0x800'0000 to 0x807'ffff] { ro };
define block CSTACK with size = 4K, alignment = 8 { };
define block HEAP with size = 4K, alignment = 8 { };
"P2":  place in [from 0x2000'0000 to 0x2001'ffff] {
          rw, block CSTACK, block HEAP };
initialize by copy { rw };

  Section            Kind         Address      Size  Object
  -------            ----         -------      ----  ------
"A0":                                         0x1d8
  .intvec            ro code   0x800'0000     0x1d8  startup_stm32g474xx.o [1]
                             - 0x800'01d8     0x1d8

"P1":                                      0x1'5110
  .text              ro code   0x800'01d8     0xf04  stm32g4xx_hal_i2c.o [1]
  .text              ro code   0x800'10dc     0x74c  stm32g4xx_hal_msp.o [1]
  .text              ro code   0x800'1828       0xc  stm32g4xx_hal.o [1]
  .text              ro code   0x800'1834       0x2  stm32g4xx_hal_i2c.o [1]
  .text              ro code   0x800'1836       0x2  stm32g4xx_hal_i2c.o [1]
  .text              ro code   0x800'1838      0x7c  stm32g4xx_it.o [1]
  .text              ro code   0x800'18b4       0x2  stm32g4xx_hal_i2c.o [1]
  .text              ro code   0x800'18b6       0x2  stm32g4xx_hal_i2c.o [1]
  .text              ro code   0x800'18b8       0x2  stm32g4xx_hal_i2c.o [1]
  .text              ro code   0x800'18ba       0x2  stm32g4xx_hal_i2c.o [1]
  .text              ro code   0x800'18bc       0x2  stm32g4xx_hal_i2c.o [1]
  .text              ro code   0x800'18be      0x56  r3_2_g4xx_pwm_curr_fdbk.o [1]
  .text              ro code   0x800'1914      0x80  stm32g4xx_hal_dma.o [1]
  .text              ro code   0x800'1994       0x2  stm32g4xx_hal_i2c.o [1]
  .text              ro code   0x800'1996       0x2  stm32g4xx_hal_i2c.o [1]
  .text              ro code   0x800'1998      0xe8  stm32g4xx_hal_cortex.o [1]
  .text              ro code   0x800'1a80      0x14  memset.o [4]
  .text              ro code   0x800'1a94     0x2dc  stm32g4xx_hal_gpio.o [1]
  .text              ro code   0x800'1d70     0xc54  stm32g4xx_hal_pcd.o [1]
  .text              ro code   0x800'29c4     0xd20  stm32g4xx_hal_tim.o [1]
  .text              ro code   0x800'36e4      0xd4  timer.o [1]
  .text              ro code   0x800'37b8     0xda8  main.o [1]
  .text              ro code   0x800'4560     0x716  stm32g4xx_hal_qspi.o [1]
  .text              ro code   0x800'4c76      0x3a  zero_init3.o [4]
  .text              ro code   0x800'4cb0     0x170  sensor_if.o [1]
  .text              ro code   0x800'4e20      0x66  ABImemset.o [4]
  .text              ro code   0x800'4e86      0x26  usart_frame_communication_protocol.o [1]
  .text              ro code   0x800'4eac     0x2ca  usbd_conf.o [1]
  .text              ro code   0x800'5176       0xa  sto_pll_speed_pos_fdbk.o [1]
  .text              ro code   0x800'5180     0xc30  stm32g4xx_ll_usb.o [1]
  .text              ro code   0x800'5db0      0x86  ABImemcpy.o [4]
  .text              ro code   0x800'5e36       0xa  sto_pll_speed_pos_fdbk.o [1]
  .text              ro code   0x800'5e40      0x6a  stm32g4xx_hal_pcd_ex.o [1]
  .text              ro code   0x800'5eaa       0x2  stm32g4xx_hal_tim.o [1]
  .text              ro code   0x800'5eac       0x2  stm32g4xx_hal_tim.o [1]
  .text              ro code   0x800'5eae       0x2  stm32g4xx_hal_tim.o [1]
  .text              ro code   0x800'5eb0       0x2  stm32g4xx_hal_tim.o [1]
  .text              ro code   0x800'5eb2       0x2  stm32g4xx_hal_tim_ex.o [1]
  .text              ro code   0x800'5eb4       0x2  stm32g4xx_hal_tim_ex.o [1]
  .text              ro code   0x800'5eb6       0x2  stm32g4xx_hal_tim.o [1]
  .text              ro code   0x800'5eb8       0x2  stm32g4xx_hal_tim_ex.o [1]
  .text              ro code   0x800'5eba       0x2  stm32g4xx_hal_tim_ex.o [1]
  .text              ro code   0x800'5ebc       0x2  stm32g4xx_hal_tim_ex.o [1]
  .text              ro code   0x800'5ebe       0x2  stm32g4xx_hal_tim_ex.o [1]
  .text              ro code   0x800'5ec0       0x2  stm32g4xx_hal_tim_ex.o [1]
  .rodata            const     0x800'5ec2       0x6  usart_frame_communication_protocol.o [1]
  .text              ro code   0x800'5ec8      0x1e  stm32g4xx_hal.o [1]
  .rodata            const     0x800'5ee6       0x2  mc_tasks.o [1]
  .text              ro code   0x800'5ee8      0x36  stm32g4xx_hal_cordic.o [1]
  .text              ro code   0x800'5f20      0x30  motorcontrol.o [1]
  .text              ro code   0x800'5f50      0x54  usb_device.o [1]
  .text              ro code   0x800'5fa4      0x24  app_fatfs.o [1]
  .text              ro code   0x800'5fc8     0x25c  key_fifo.o [1]
  .text              ro code   0x800'6224      0x9c  led.o [1]
  .text              ro code   0x800'62c0     0x140  color_led.o [1]
  .text              ro code   0x800'6400      0x50  cmsis_os.o [1]
  .text              ro code   0x800'6450       0x6  ABImemclr4.o [4]
  .text              ro code   0x800'6458      0xd0  stm32g4xx_hal_pwr_ex.o [1]
  .text              ro code   0x800'6528      0x10  stm32g4xx_hal_pwr.o [1]
  .text              ro code   0x800'6538     0x710  stm32g4xx_hal_rcc.o [1]
  .text              ro code   0x800'6c48     0x2c0  stm32g4xx_hal_rcc_ex.o [1]
  .text              ro code   0x800'6f08     0x6b4  stm32g4xx_hal_adc.o [1]
  .text              ro code   0x800'75bc     0x640  stm32g4xx_hal_adc_ex.o [1]
  .text              ro code   0x800'7bfc     0x244  stm32g4xx_hal_comp.o [1]
  .text              ro code   0x800'7e40      0xbc  stm32g4xx_hal_i2c_ex.o [1]
  .text              ro code   0x800'7efc      0xf8  stm32g4xx_hal_opamp.o [1]
  .text              ro code   0x800'7ff4     0x3dc  stm32g4xx_hal_rtc.o [1]
  .text              ro code   0x800'83d0      0x1c  stm32g4xx_hal_rtc_ex.o [1]
  .text              ro code   0x800'83ec      0x88  rtc.o [1]
  .text              ro code   0x800'8474     0x25c  stm32g4xx_hal_tim_ex.o [1]
  .text              ro code   0x800'86d0      0xfa  stm32g4xx_ll_gpio.o [1]
  .text              ro code   0x800'87cc     0x4f8  stm32g4xx_hal_uart.o [1]
  .text              ro code   0x800'8cc4     0x160  stm32g4xx_hal_uart_ex.o [1]
  .text              ro code   0x800'8e24     0x164  motor_control.o [1]
  .text              ro code   0x800'8f88      0x84  CPAP.o [1]
  .text              ro code   0x800'900c       0xc  debug_io.o [1]
  .text              ro code   0x800'9018      0xd8  regular_adc.o [1]
  .text              ro code   0x800'90f0      0x98  timeRoutine.o [1]
  .text              ro code   0x800'9188      0x10  stm32g4xx_hal.o [1]
  .text              ro code   0x800'9198       0x2  stm32g4xx_hal_qspi.o [1]
  .text              ro code   0x800'919a       0x2  stm32g4xx_hal_qspi.o [1]
  .text              ro code   0x800'919c       0x2  stm32g4xx_hal_qspi.o [1]
  .text              ro code   0x800'919e       0x2  stm32g4xx_hal_qspi.o [1]
  .text              ro code   0x800'91a0       0x2  stm32g4xx_hal_qspi.o [1]
  .text              ro code   0x800'91a2       0x2  stm32g4xx_hal_qspi.o [1]
  .text              ro code   0x800'91a4       0x2  stm32g4xx_hal_qspi.o [1]
  .text              ro code   0x800'91a6       0x2  stm32g4xx_hal_qspi.o [1]
  .text              ro code   0x800'91a8     0x1fe  sensor_flow.o [1]
  .text              ro code   0x800'93a8      0xb0  sensor_pressure.o [1]
  .text              ro code   0x800'9458     0x2ba  usbd_core.o [1]
  .text              ro code   0x800'9714      0x94  stm32g4xx_hal_timebase_tim.o [1]
  .text              ro code   0x800'97a8     0x1c8  mc_tasks.o [1]
  .text              ro code   0x800'9970     0x168  mc_tasks.o [1]
  .text              ro code   0x800'9ad8      0x9c  ui_task.o [1]
  .text              ro code   0x800'9b74     0x312  usbd_cdc.o [1]
  .text              ro code   0x800'9e88      0x40  ff_gen_drv.o [1]
  .text              ro code   0x800'9ec8     0x750  tasks.o [1]
  .text              ro code   0x800'a618      0x3a  ABImemset48.o [4]
  .text              ro code   0x800'a654     0x230  I64DivMod.o [4]
  .text              ro code   0x800'a884      0x10  mc_api.o [1]
  .text              ro code   0x800'a894       0xc  mc_api.o [1]
  .text              ro code   0x800'a8a0       0xc  mc_api.o [1]
  .text              ro code   0x800'a8ac       0xc  mc_api.o [1]
  .text              ro code   0x800'a8b8       0xc  mc_api.o [1]
  .text              ro code   0x800'a8c4       0xc  mc_api.o [1]
  .text              ro code   0x800'a8d0       0xc  mc_api.o [1]
  .text              ro code   0x800'a8dc     0x1ec  BreathTask.o [1]
  .text              ro code   0x800'aac8     0x1f4  PressureTask.o [1]
  .text              ro code   0x800'acbc     0x110  PressureControl.o [1]
  .text              ro code   0x800'adcc     0x3a4  regular_conversion_manager.o [1]
  .text              ro code   0x800'b170      0x48  FltToDbl.o [3]
  .text              ro code   0x800'b1b8     0x102  sqrt.o [3]
  .text              ro code   0x800'b2bc      0x68  DblToFlt.o [3]
  .text              ro code   0x800'b324     0x1a2  DblMul.o [3]
  .text              ro code   0x800'b4c8     0x17a  DblAdd.o [3]
  .text              ro code   0x800'b644     0x5dc  usbd_ctlreq.o [1]
  .text              ro code   0x800'bc20      0x9c  usbd_ioreq.o [1]
  .text              ro code   0x800'bcbc       0xa  state_machine.o [1]
  .text              ro code   0x800'bcc8     0x290  r3_2_g4xx_pwm_curr_fdbk.o [1]
  .text              ro code   0x800'bf58      0x70  pwm_common.o [1]
  .text              ro code   0x800'bfc8      0x14  pid_regulator.o [1]
  .text              ro code   0x800'bfdc      0xa0  sto_pll_speed_pos_fdbk.o [1]
  .text              ro code   0x800'c07c      0x24  speed_torq_ctrl.o [1]
  .text              ro code   0x800'c0a0       0x4  virtual_speed_sensor.o [1]
  .text              ro code   0x800'c0a4      0x58  revup_ctrl.o [1]
  .text              ro code   0x800'c0fc      0x1a  r_divider_bus_voltage_sensor.o [1]
  .text              ro code   0x800'c116      0x26  ntc_temperature_sensor.o [1]
  .text              ro code   0x800'c13c      0x36  ramp_ext_mngr.o [1]
  .text              ro code   0x800'c174      0x84  mc_tasks.o [1]
  .text              ro code   0x800'c1f8      0x16  speed_torq_ctrl.o [1]
  .text              ro code   0x800'c20e      0x14  mc_interface.o [1]
  .text              ro code   0x800'c222       0x6  speed_torq_ctrl.o [1]
  .text              ro code   0x800'c228       0xe  mc_interface.o [1]
  .text              ro code   0x800'c238      0x24  mc_tasks.o [1]
  .text              ro code   0x800'c25c      0x24  mc_tasks.o [1]
  .text              ro code   0x800'c280       0x4  usart_frame_communication_protocol.o [1]
  .text              ro code   0x800'c284      0x44  motor_control_protocol.o [1]
  .text              ro code   0x800'c2c8      0x18  user_interface.o [1]
  .text              ro code   0x800'c2e0     0x238  heap_4.o [1]
  .text              ro code   0x800'c518      0xba  list.o [1]
  .text              ro code   0x800'c5d4     0x1e8  port.o [1]
  .text              ro code   0x800'c7bc       0xc  app_freertos.o [1]
  .text              ro code   0x800'c7c8       0xc  app_freertos.o [1]
  .text              ro code   0x800'c7d4       0x2  I64DivZer.o [4]
  .text              ro code   0x800'c7d6       0x6  mc_interface.o [1]
  .text              ro code   0x800'c7dc      0x14  mc_interface.o [1]
  .text              ro code   0x800'c7f0       0x8  mc_interface.o [1]
  .text              ro code   0x800'c7f8      0x10  mc_interface.o [1]
  .text              ro code   0x800'c808      0x10  mc_interface.o [1]
  .text              ro code   0x800'c818      0x14  mc_interface.o [1]
  .text              ro code   0x800'c82c     0x550  FlowProcess.o [1]
  .text              ro code   0x800'cd7c     0x2c4  DynamicTemplate.o [1]
  .text              ro code   0x800'd040     0x58c  EventDetection.o [1]
  .text              ro code   0x800'd5cc     0x7b4  FlowLimitation.o [1]
  .text              ro code   0x800'dd80     0x516  LeakManagement.o [1]
  .text              ro code   0x800'e298     0x298  AutoMode.o [1]
  .text              ro code   0x800'e530     0x35c  Swing.o [1]
  .text              ro code   0x800'e88c      0x1a  U32ToDbl.o [3]
  .text              ro code   0x800'e8a8     0x246  DblDiv.o [3]
  .text              ro code   0x800'eaf0      0x2e  math_wrappers64.o [3]
  .text              ro code   0x800'eb20      0x28  DblToU32.o [3]
  .text              ro code   0x800'eb48      0xe2  DblSub.o [3]
  .text              ro code   0x800'ec2c     0x798  r3_2_g4xx_pwm_curr_fdbk.o [1]
  .text              ro code   0x800'f3c4      0xa6  sto_pll_speed_pos_fdbk.o [1]
  .text              ro code   0x800'f46a      0x2e  virtual_speed_sensor.o [1]
  .text              ro code   0x800'f498      0x60  r_divider_bus_voltage_sensor.o [1]
  .text              ro code   0x800'f4f8       0x6  ntc_temperature_sensor.o [1]
  .text              ro code   0x800'f4fe       0x4  pid_regulator.o [1]
  .text              ro code   0x800'f502      0x10  speed_torq_ctrl.o [1]
  .text              ro code   0x800'f512       0x4  pwm_curr_fdbk.o [1]
  .text              ro code   0x800'f518      0x50  mc_tasks.o [1]
  .text              ro code   0x800'f568      0xa0  mc_tasks.o [1]
  .text              ro code   0x800'f608      0x2a  frame_communication_protocol.o [1]
  .text              ro code   0x800'f632      0x16  frame_communication_protocol.o [1]
  .text              ro code   0x800'f648      0x1a  motor_control_protocol.o [1]
  .text              ro code   0x800'f664      0x20  motorcontrol.o [1]
  CODE               ro code   0x800'f684      0xb0  portasm.o [1]
  .text              ro code   0x800'f734      0x16  state_machine.o [1]
  .text              ro code   0x800'f74c      0xe0  state_machine.o [1]
  .text              ro code   0x800'f82c       0xc  state_machine.o [1]
  .text              ro code   0x800'f838       0x4  speed_torq_ctrl.o [1]
  .text              ro code   0x800'f83c       0x6  speed_pos_fdbk.o [1]
  .text              ro code   0x800'f844      0x3a  DblToS32.o [3]
  .text              ro code   0x800'f880      0x2e  DblCmpGe.o [3]
  .text              ro code   0x800'f8b0      0x22  S32ToDbl.o [3]
  .text              ro code   0x800'f8d4      0x44  exp64.o [3]
  .text              ro code   0x800'f918     0x6c4  pow64.o [3]
  .text              ro code   0x800'ffdc     0x424  cos_sin64.o [3]
  .text              ro code   0x801'0400      0xa6  r3_2_g4xx_pwm_curr_fdbk.o [1]
  .text              ro code   0x801'04a6      0x4e  pwm_common.o [1]
  .text              ro code   0x801'04f4      0x60  r3_2_g4xx_pwm_curr_fdbk.o [1]
  .text              ro code   0x801'0554     0x22c  mc_tasks.o [1]
  .text              ro code   0x801'0780      0x3c  ntc_temperature_sensor.o [1]
  .text              ro code   0x801'07bc       0x4  pwm_curr_fdbk.o [1]
  .text              ro code   0x801'07c0      0xa0  r_divider_bus_voltage_sensor.o [1]
  .text              ro code   0x801'0860      0x2a  state_machine.o [1]
  .text              ro code   0x801'088a       0x4  state_machine.o [1]
  .text              ro code   0x801'088e      0x18  motor_power_measurement.o [1]
  .text              ro code   0x801'08a8     0x3ac  iar_Exp64.o [3]
  .text              ro code   0x801'0c54      0x20  DblCmpEq.o [3]
  .text              ro code   0x801'0c74      0x70  frexp.o [3]
  .text              ro code   0x801'0ce4      0x2e  DblCmpLe.o [3]
  .text              ro code   0x801'0d14     0x1c4  sto_pll_speed_pos_fdbk.o [1]
  .text              ro code   0x801'0ed8      0x78  pqd_motor_power_measurement.o [1]
  .text              ro code   0x801'0f50      0x2e  mc_interface.o [1]
  .text              ro code   0x801'0f80      0x8c  revup_ctrl.o [1]
  .text              ro code   0x801'100c      0x40  pwm_curr_fdbk.o [1]
  .text              ro code   0x801'104c       0x4  speed_torq_ctrl.o [1]
  .text              ro code   0x801'1050     0x230  revup_ctrl.o [1]
  .text              ro code   0x801'1280      0x58  speed_torq_ctrl.o [1]
  .text              ro code   0x801'12d8      0x86  virtual_speed_sensor.o [1]
  .text              ro code   0x801'135e      0xa2  sto_pll_speed_pos_fdbk.o [1]
  .text              ro code   0x801'1400       0x6  sto_pll_speed_pos_fdbk.o [1]
  .text              ro code   0x801'1406      0x1e  virtual_speed_sensor.o [1]
  .text              ro code   0x801'1424       0x6  speed_pos_fdbk.o [1]
  .text              ro code   0x801'142c      0x68  mc_math.o [1]
  .text              ro code   0x801'1494      0x84  ramp_ext_mngr.o [1]
  .text              ro code   0x801'1518       0x6  virtual_speed_sensor.o [1]
  .text              ro code   0x801'151e       0x4  pid_regulator.o [1]
  .text              ro code   0x801'1522       0x2  mc_tasks.o [1]
  .text              ro code   0x801'1524      0x28  mc_tasks.o [1]
  .text              ro code   0x801'154c      0x10  speed_torq_ctrl.o [1]
  .text              ro code   0x801'155c      0x6a  mc_interface.o [1]
  .text              ro code   0x801'15c8       0xc  mc_tasks.o [1]
  .text              ro code   0x801'15d4      0x14  mc_tasks.o [1]
  .text              ro code   0x801'15e8      0x1a  ntc_temperature_sensor.o [1]
  .text              ro code   0x801'1602      0x1a  r_divider_bus_voltage_sensor.o [1]
  .text              ro code   0x801'161c       0x6  ABImemclr.o [4]
  .text              ro code   0x801'1624     0x13a  ldexp.o [3]
  .text              ro code   0x801'175e      0x58  speed_pos_fdbk.o [1]
  .text              ro code   0x801'17b6       0xc  bus_voltage_sensor.o [1]
  .text              ro code   0x801'17c4      0x5e  motor_power_measurement.o [1]
  .text              ro code   0x801'1822       0x8  speed_torq_ctrl.o [1]
  .text              ro code   0x801'182a       0xe  virtual_speed_sensor.o [1]
  .text              ro code   0x801'1838      0x94  speed_torq_ctrl.o [1]
  .text              ro code   0x801'18cc      0x88  virtual_speed_sensor.o [1]
  .text              ro code   0x801'1954       0x8  virtual_speed_sensor.o [1]
  .text              ro code   0x801'195c       0x4  pwm_curr_fdbk.o [1]
  .text              ro code   0x801'1960       0x4  pwm_curr_fdbk.o [1]
  .text              ro code   0x801'1964      0x80  pid_regulator.o [1]
  .text              ro code   0x801'19e4      0x20  mc_math.o [1]
  .text              ro code   0x801'1a04      0x2a  ramp_ext_mngr.o [1]
  .text              ro code   0x801'1a2e       0xc  speed_torq_ctrl.o [1]
  .text              ro code   0x801'1a3c     0x6b0  bsp_w25q64.o [1]
  .text              ro code   0x801'20ec     0x544  motor_control_protocol.o [1]
  .text              ro code   0x801'2630     0x2a0  user_interface.o [1]
  .text              ro code   0x801'28d0     0x530  user_interface.o [1]
  .text              ro code   0x801'2e00      0x90  user_interface.o [1]
  .text              ro code   0x801'2e90      0x30  user_interface.o [1]
  .text              ro code   0x801'2ec0      0x12  user_interface.o [1]
  .text              ro code   0x801'2ed2      0x4e  user_interface.o [1]
  .text              ro code   0x801'2f20      0x38  user_interface.o [1]
  .text              ro code   0x801'2f58      0x1a  user_interface.o [1]
  .text              ro code   0x801'2f72       0x4  user_interface.o [1]
  .text              ro code   0x801'2f76      0x14  user_interface.o [1]
  .text              ro code   0x801'2f8a       0x8  mc_interface.o [1]
  .text              ro code   0x801'2f92      0x12  mc_interface.o [1]
  .text              ro code   0x801'2fa4       0x6  mc_interface.o [1]
  .text              ro code   0x801'2faa       0xe  mc_interface.o [1]
  .text              ro code   0x801'2fb8      0x1e  mc_interface.o [1]
  .text              ro code   0x801'2fd6       0x4  pid_regulator.o [1]
  .text              ro code   0x801'2fda       0x4  pid_regulator.o [1]
  .text              ro code   0x801'2fde       0x4  pid_regulator.o [1]
  .text              ro code   0x801'2fe2       0xa  sto_pll_speed_pos_fdbk.o [1]
  .text              ro code   0x801'2fec       0x6  sto_pll_speed_pos_fdbk.o [1]
  .text              ro code   0x801'2ff2      0x1e  sto_pll_speed_pos_fdbk.o [1]
  .text              ro code   0x801'3010      0x20  sto_pll_speed_pos_fdbk.o [1]
  .text              ro code   0x801'3030       0x8  mc_interface.o [1]
  .text              ro code   0x801'3038       0x4  user_interface.o [1]
  .text              ro code   0x801'303c      0x26  ntc_temperature_sensor.o [1]
  .text              ro code   0x801'3062       0x4  mc_interface.o [1]
  .text              ro code   0x801'3066      0x10  mc_interface.o [1]
  .text              ro code   0x801'3076       0x4  pid_regulator.o [1]
  .text              ro code   0x801'307a       0x6  pid_regulator.o [1]
  .text              ro code   0x801'3080       0x6  pid_regulator.o [1]
  .text              ro code   0x801'3086       0x6  pid_regulator.o [1]
  .text              ro code   0x801'308c      0x14  speed_pos_fdbk.o [1]
  .text              ro code   0x801'30a0      0x1c  sto_pll_speed_pos_fdbk.o [1]
  .text              ro code   0x801'30bc      0x18  sto_pll_speed_pos_fdbk.o [1]
  .text              ro code   0x801'30d4       0x6  sto_pll_speed_pos_fdbk.o [1]
  .text              ro code   0x801'30da       0x6  sto_pll_speed_pos_fdbk.o [1]
  .text              ro code   0x801'30e0       0x6  motor_power_measurement.o [1]
  .text              ro code   0x801'30e6       0x4  speed_torq_ctrl.o [1]
  .text              ro code   0x801'30ea       0x6  speed_torq_ctrl.o [1]
  .text              ro code   0x801'30f0       0xe  mc_interface.o [1]
  .text              ro code   0x801'30fe       0x6  revup_ctrl.o [1]
  .text              ro code   0x801'3104       0xe  mc_interface.o [1]
  .text              ro code   0x801'3112       0xe  mc_interface.o [1]
  .text              ro code   0x801'3120      0x10  mc_interface.o [1]
  .text              ro code   0x801'3130      0x10  mc_interface.o [1]
  .text              ro code   0x801'3140       0x6  mc_interface.o [1]
  .text              ro code   0x801'3146       0x6  mc_interface.o [1]
  .text              ro code   0x801'314c       0x8  mc_interface.o [1]
  .text              ro code   0x801'3154      0x10  mc_interface.o [1]
  .text              ro code   0x801'3164       0xc  revup_ctrl.o [1]
  .text              ro code   0x801'3170       0xe  revup_ctrl.o [1]
  .text              ro code   0x801'317e       0xe  revup_ctrl.o [1]
  .text              ro code   0x801'318c       0xc  revup_ctrl.o [1]
  .text              ro code   0x801'3198       0xc  revup_ctrl.o [1]
  .text              ro code   0x801'31a4       0xc  revup_ctrl.o [1]
  .text              ro code   0x801'31b0       0xc  speed_torq_ctrl.o [1]
  .text              ro code   0x801'31bc       0x8  speed_torq_ctrl.o [1]
  .rodata            const     0x801'31c4      0x6c  mc_parameters.o [1]
  .rodata            const     0x801'3230     0x420  pow64.o [3]
  .rodata            const     0x801'3650     0x400  regular_adc.o [1]
  .text              ro code   0x801'3a50     0x1ee  sto_pll_speed_pos_fdbk.o [1]
  .text              ro code   0x801'3c3e     0x1b8  pwm_curr_fdbk.o [1]
  .text              ro code   0x801'3df8     0x158  mc_tasks.o [1]
  .text              ro code   0x801'3f50       0xc  ramp_ext_mngr.o [1]
  .text              ro code   0x801'3f5c       0x6  revup_ctrl.o [1]
  .text              ro code   0x801'3f62       0x6  speed_pos_fdbk.o [1]
  .text              ro code   0x801'3f68       0x4  pwm_curr_fdbk.o [1]
  .text              ro code   0x801'3f6c      0x48  mc_math.o [1]
  .text              ro code   0x801'3fb4      0x56  circle_limitation.o [1]
  .text              ro code   0x801'400a      0x3e  mc_math.o [1]
  .text              ro code   0x801'4048      0x14  revup_ctrl.o [1]
  .text              ro code   0x801'405c       0x4  bus_voltage_sensor.o [1]
  .text              ro code   0x801'4060      0x56  sto_pll_speed_pos_fdbk.o [1]
  .text              ro code   0x801'40b6       0x8  sto_pll_speed_pos_fdbk.o [1]
  .text              ro code   0x801'40be      0x94  virtual_speed_sensor.o [1]
  .text              ro code   0x801'4154     0x130  usbd_desc.o [1]
  .rodata            const     0x801'4284     0x11c  LeakManagement.o [1]
  .text              ro code   0x801'43a0     0x114  stm32g4xx_mc_it.o [1]
  .text              ro code   0x801'44b4      0x8c  r3_2_g4xx_pwm_curr_fdbk.o [1]
  .text              ro code   0x801'4540      0x1a  r3_2_g4xx_pwm_curr_fdbk.o [1]
  .text              ro code   0x801'455a      0x34  r3_2_g4xx_pwm_curr_fdbk.o [1]
  .text              ro code   0x801'4590      0xe4  usart_frame_communication_protocol.o [1]
  .text              ro code   0x801'4674       0xc  ui_task.o [1]
  .text              ro code   0x801'4680       0xc  ui_task.o [1]
  .text              ro code   0x801'468c      0x64  usart_frame_communication_protocol.o [1]
  .text              ro code   0x801'46f0      0x18  usart_frame_communication_protocol.o [1]
  .text              ro code   0x801'4708      0x20  mc_tasks.o [1]
  .text              ro code   0x801'4728      0x5c  frame_communication_protocol.o [1]
  .text              ro code   0x801'4784      0x84  usart_frame_communication_protocol.o [1]
  .text              ro code   0x801'4808     0x104  r3_2_g4xx_pwm_curr_fdbk.o [1]
  .rodata            const     0x801'490c      0xc4  mc_parameters.o [1]
  .rodata            const     0x801'49d0      0x90  LeakManagement.o [1]
  .text              ro code   0x801'4a60      0x8a  user_diskio.o [1]
  .text              ro code   0x801'4aea      0x78  lz77_init_single.o [4]
  .rodata            const     0x801'4b64      0x60  LeakManagement.o [1]
  .text              ro code   0x801'4bc4      0x4c  usbd_cdc_if.o [1]
  .text              ro code   0x801'4c10      0x28  r3_2_g4xx_pwm_curr_fdbk.o [1]
  .text              ro code   0x801'4c38      0x28  data_init.o [4]
  .text              ro code   0x801'4c60      0x22  fpinit_M.o [3]
  .iar.init_table    const     0x801'4c84      0x20  - Linker created -
  .rodata            const     0x801'4ca4      0x20  motorcontrol.o [1]
  .text              ro code   0x801'4cc4      0x20  system_stm32g4xx.o [1]
  .text              ro code   0x801'4ce4      0x1e  cmain.o [4]
  .text              ro code   0x801'4d02       0x4  low_level_init.o [2]
  .text              ro code   0x801'4d06       0x4  exit.o [2]
  .text              ro code   0x801'4d0c       0xa  cexit.o [4]
  .text              ro code   0x801'4d18      0x14  exit.o [5]
  .rodata            const     0x801'4d2c      0x10  main.o [1]
  .rodata            const     0x801'4d3c      0x10  main.o [1]
  .rodata            const     0x801'4d4c      0x10  main.o [1]
  .text              ro code   0x801'4d5c      0x10  startup_stm32g474xx.o [1]
  .rodata            const     0x801'4d6c       0xc  main.o [1]
  .rodata            const     0x801'4d78       0xc  main.o [1]
  .rodata            const     0x801'4d84       0xc  main.o [1]
  .text              ro code   0x801'4d90       0xc  cstartup_M.o [4]
  .text              ro code   0x801'4d9c       0xa  sto_pll_speed_pos_fdbk.o [1]
  .rodata            const     0x801'4da8       0x8  main.o [1]
  .rodata            const     0x801'4db0       0x8  main.o [1]
  .rodata            const     0x801'4db8       0x8  system_stm32g4xx.o [1]
  .text              ro code   0x801'4dc0       0x8  sto_pll_speed_pos_fdbk.o [1]
  .text              ro code   0x801'4dc8       0x8  usart_frame_communication_protocol.o [1]
  .text              ro code   0x801'4dd0       0x4  motor_control_protocol.o [1]
  .text              ro code   0x801'4dd4       0x4  motor_control_protocol.o [1]
  .text              ro code   0x801'4dd8       0x4  startup_stm32g474xx.o [1]
  .text              ro code   0x801'4ddc       0x4  startup_stm32g474xx.o [1]
  .text              ro code   0x801'4de0       0x4  startup_stm32g474xx.o [1]
  .text              ro code   0x801'4de4       0x4  startup_stm32g474xx.o [1]
  .text              ro code   0x801'4de8       0x4  startup_stm32g474xx.o [1]
  .text              ro code   0x801'4dec       0x4  startup_stm32g474xx.o [1]
  .text              ro code   0x801'4df0       0x4  startup_stm32g474xx.o [1]
  .text              ro code   0x801'4df4       0x4  startup_stm32g474xx.o [1]
  .text              ro code   0x801'4df8       0x4  startup_stm32g474xx.o [1]
  .text              ro code   0x801'4dfc       0x4  startup_stm32g474xx.o [1]
  .text              ro code   0x801'4e00       0x4  startup_stm32g474xx.o [1]
  .text              ro code   0x801'4e04       0x4  startup_stm32g474xx.o [1]
  .text              ro code   0x801'4e08       0x4  startup_stm32g474xx.o [1]
  .text              ro code   0x801'4e0c       0x4  startup_stm32g474xx.o [1]
  .text              ro code   0x801'4e10       0x4  startup_stm32g474xx.o [1]
  .text              ro code   0x801'4e14       0x4  startup_stm32g474xx.o [1]
  .text              ro code   0x801'4e18       0x4  startup_stm32g474xx.o [1]
  .text              ro code   0x801'4e1c       0x4  startup_stm32g474xx.o [1]
  .text              ro code   0x801'4e20       0x4  startup_stm32g474xx.o [1]
  .text              ro code   0x801'4e24       0x4  startup_stm32g474xx.o [1]
  .text              ro code   0x801'4e28       0x4  startup_stm32g474xx.o [1]
  .text              ro code   0x801'4e2c       0x4  startup_stm32g474xx.o [1]
  .text              ro code   0x801'4e30       0x4  startup_stm32g474xx.o [1]
  .text              ro code   0x801'4e34       0x4  startup_stm32g474xx.o [1]
  .text              ro code   0x801'4e38       0x4  startup_stm32g474xx.o [1]
  .text              ro code   0x801'4e3c       0x4  startup_stm32g474xx.o [1]
  .text              ro code   0x801'4e40       0x4  startup_stm32g474xx.o [1]
  .text              ro code   0x801'4e44       0x4  startup_stm32g474xx.o [1]
  .text              ro code   0x801'4e48       0x4  startup_stm32g474xx.o [1]
  .text              ro code   0x801'4e4c       0x4  startup_stm32g474xx.o [1]
  .text              ro code   0x801'4e50       0x4  startup_stm32g474xx.o [1]
  .text              ro code   0x801'4e54       0x4  startup_stm32g474xx.o [1]
  .text              ro code   0x801'4e58       0x4  startup_stm32g474xx.o [1]
  .text              ro code   0x801'4e5c       0x4  startup_stm32g474xx.o [1]
  .text              ro code   0x801'4e60       0x4  startup_stm32g474xx.o [1]
  .text              ro code   0x801'4e64       0x4  startup_stm32g474xx.o [1]
  .text              ro code   0x801'4e68       0x4  startup_stm32g474xx.o [1]
  .text              ro code   0x801'4e6c       0x4  startup_stm32g474xx.o [1]
  .text              ro code   0x801'4e70       0x4  startup_stm32g474xx.o [1]
  .text              ro code   0x801'4e74       0x4  startup_stm32g474xx.o [1]
  .text              ro code   0x801'4e78       0x4  startup_stm32g474xx.o [1]
  .text              ro code   0x801'4e7c       0x4  startup_stm32g474xx.o [1]
  .text              ro code   0x801'4e80       0x4  startup_stm32g474xx.o [1]
  .text              ro code   0x801'4e84       0x4  startup_stm32g474xx.o [1]
  .text              ro code   0x801'4e88       0x4  startup_stm32g474xx.o [1]
  .text              ro code   0x801'4e8c       0x4  startup_stm32g474xx.o [1]
  .text              ro code   0x801'4e90       0x4  startup_stm32g474xx.o [1]
  .text              ro code   0x801'4e94       0x4  startup_stm32g474xx.o [1]
  .text              ro code   0x801'4e98       0x4  startup_stm32g474xx.o [1]
  .text              ro code   0x801'4e9c       0x4  startup_stm32g474xx.o [1]
  .text              ro code   0x801'4ea0       0x4  startup_stm32g474xx.o [1]
  .text              ro code   0x801'4ea4       0x4  startup_stm32g474xx.o [1]
  .text              ro code   0x801'4ea8       0x4  startup_stm32g474xx.o [1]
  .text              ro code   0x801'4eac       0x4  startup_stm32g474xx.o [1]
  .text              ro code   0x801'4eb0       0x4  startup_stm32g474xx.o [1]
  .text              ro code   0x801'4eb4       0x4  startup_stm32g474xx.o [1]
  .text              ro code   0x801'4eb8       0x4  startup_stm32g474xx.o [1]
  .text              ro code   0x801'4ebc       0x4  startup_stm32g474xx.o [1]
  .text              ro code   0x801'4ec0       0x4  startup_stm32g474xx.o [1]
  .text              ro code   0x801'4ec4       0x4  startup_stm32g474xx.o [1]
  .text              ro code   0x801'4ec8       0x4  startup_stm32g474xx.o [1]
  .text              ro code   0x801'4ecc       0x4  startup_stm32g474xx.o [1]
  .text              ro code   0x801'4ed0       0x4  startup_stm32g474xx.o [1]
  .text              ro code   0x801'4ed4       0x4  startup_stm32g474xx.o [1]
  .text              ro code   0x801'4ed8       0x4  startup_stm32g474xx.o [1]
  .text              ro code   0x801'4edc       0x4  startup_stm32g474xx.o [1]
  .text              ro code   0x801'4ee0       0x4  startup_stm32g474xx.o [1]
  .text              ro code   0x801'4ee4       0x4  startup_stm32g474xx.o [1]
  .text              ro code   0x801'4ee8       0x4  startup_stm32g474xx.o [1]
  .text              ro code   0x801'4eec       0x4  startup_stm32g474xx.o [1]
  .text              ro code   0x801'4ef0       0x4  startup_stm32g474xx.o [1]
  .text              ro code   0x801'4ef4       0x4  startup_stm32g474xx.o [1]
  .text              ro code   0x801'4ef8       0x4  startup_stm32g474xx.o [1]
  .text              ro code   0x801'4efc       0x4  startup_stm32g474xx.o [1]
  .text              ro code   0x801'4f00       0x4  startup_stm32g474xx.o [1]
  .text              ro code   0x801'4f04       0x4  startup_stm32g474xx.o [1]
  .text              ro code   0x801'4f08       0x4  startup_stm32g474xx.o [1]
  .text              ro code   0x801'4f0c       0x4  startup_stm32g474xx.o [1]
  .text              ro code   0x801'4f10       0x4  startup_stm32g474xx.o [1]
  .text              ro code   0x801'4f14       0x4  startup_stm32g474xx.o [1]
  .text              ro code   0x801'4f18       0x4  startup_stm32g474xx.o [1]
  .text              ro code   0x801'4f1c       0x4  startup_stm32g474xx.o [1]
  .text              ro code   0x801'4f20       0x4  startup_stm32g474xx.o [1]
  .text              ro code   0x801'4f24       0x4  startup_stm32g474xx.o [1]
  .text              ro code   0x801'4f28       0x4  startup_stm32g474xx.o [1]
  .text              ro code   0x801'4f2c       0x4  startup_stm32g474xx.o [1]
  .text              ro code   0x801'4f30       0x4  startup_stm32g474xx.o [1]
  .text              ro code   0x801'4f34       0x4  startup_stm32g474xx.o [1]
  .text              ro code   0x801'4f38       0x4  startup_stm32g474xx.o [1]
  .text              ro code   0x801'4f3c       0x4  startup_stm32g474xx.o [1]
  .text              ro code   0x801'4f40       0x4  startup_stm32g474xx.o [1]
  .text              ro code   0x801'4f44       0x4  startup_stm32g474xx.o [1]
  .text              ro code   0x801'4f48       0x4  startup_stm32g474xx.o [1]
  .text              ro code   0x801'4f4c       0x4  startup_stm32g474xx.o [1]
  .text              ro code   0x801'4f50       0x4  startup_stm32g474xx.o [1]
  .text              ro code   0x801'4f54       0x4  startup_stm32g474xx.o [1]
  .rodata            const     0x801'4f58       0x0  zero_init3.o [4]
  .rodata            const     0x801'4f58       0x0  lz77_init_single.o [4]
  Initializer bytes  const     0x801'4f58     0x390  <for P2-1>
                             - 0x801'52e8  0x1'5110

"P2", part 1 of 3:                           0x1a2a
  P2-1                        0x2000'0000    0x1a2a  <Init block>
    .data            inited   0x2000'0000      0x34  AutoMode.o [1]
    .data            inited   0x2000'0034     0x3d4  BreathTask.o [1]
    .data            inited   0x2000'0408       0x8  BreathTask.o [1]
    .data            inited   0x2000'0410      0x48  DynamicTemplate.o [1]
    .data            inited   0x2000'0458      0x50  EventDetection.o [1]
    .data            inited   0x2000'04a8      0x5c  FlowProcess.o [1]
    .data            inited   0x2000'0504      0x18  LeakManagement.o [1]
    .data            inited   0x2000'051c     0x114  mc_config.o [1]
    .data            inited   0x2000'0630      0x2c  mc_config.o [1]
    .data            inited   0x2000'065c      0x2c  mc_config.o [1]
    .data            inited   0x2000'0688      0x2c  mc_config.o [1]
    .data            inited   0x2000'06b4      0x34  mc_config.o [1]
    .data            inited   0x2000'06e8      0x78  mc_config.o [1]
    .data            inited   0x2000'0760      0x7c  mc_config.o [1]
    .data            inited   0x2000'07dc      0x38  mc_config.o [1]
    .data            inited   0x2000'0814     0x128  mc_config.o [1]
    .data            inited   0x2000'093c      0x14  mc_config.o [1]
    .data            inited   0x2000'0950      0x28  mc_config.o [1]
    .data            inited   0x2000'0978      0x28  mc_config.o [1]
    .data            inited   0x2000'09a0      0x18  mc_config.o [1]
    .data            inited   0x2000'09b8      0xb4  mc_config.o [1]
    .data            inited   0x2000'0a6c     0x13c  mc_config.o [1]
    .data            inited   0x2000'0ba8      0x14  motor_control.o [1]
    .data            inited   0x2000'0bbc       0xc  motorcontrol.o [1]
    .data            inited   0x2000'0bc8       0xc  port.o [1]
    .data            inited   0x2000'0bd4     0xc88  PressureTask.o [1]
    .data            inited   0x2000'185c       0xc  regular_adc.o [1]
    .data            inited   0x2000'1868       0x8  regular_adc.o [1]
    .data            inited   0x2000'1870       0xc  stm32g4xx_hal.o [1]
    .data            inited   0x2000'187c      0x18  Swing.o [1]
    .data            inited   0x2000'1894       0x4  system_stm32g4xx.o [1]
    .data            inited   0x2000'1898       0xc  usbd_cdc.o [1]
    .data            inited   0x2000'18a4      0x38  usbd_cdc.o [1]
    .data            inited   0x2000'18dc      0x44  usbd_cdc.o [1]
    .data            inited   0x2000'1920      0x44  usbd_cdc.o [1]
    .data            inited   0x2000'1964      0x44  usbd_cdc.o [1]
    .data            inited   0x2000'19a8      0x14  usbd_cdc_if.o [1]
    .data            inited   0x2000'19bc      0x20  usbd_desc.o [1]
    .data            inited   0x2000'19dc      0x14  usbd_desc.o [1]
    .data            inited   0x2000'19f0       0x4  usbd_desc.o [1]
    .data            inited   0x2000'19f4      0x1c  usbd_desc.o [1]
    .data            inited   0x2000'1a10      0x14  user_diskio.o [1]
    .data            inited   0x2000'1a24       0x6  ui_task.o [1]
                            - 0x2000'1a2a    0x1a2a

"P2", part 2 of 3:                           0x60d8
  .bss               zero     0x2000'1a2c    0x3c20  heap_4.o [1]
  .bss               zero     0x2000'564c    0x1000  usbd_cdc_if.o [1]
  .bss               zero     0x2000'664c     0x2f4  usbd_conf.o [1]
  .bss               zero     0x2000'6940     0x2d0  usb_device.o [1]
  .bss               zero     0x2000'6c10     0x220  usbd_conf.o [1]
  .bss               zero     0x2000'6e30     0x200  usbd_desc.o [1]
  .bss               zero     0x2000'7030     0x12c  tasks.o [1]
  .bss               zero     0x2000'715c      0xd4  mc_tasks.o [1]
  .bss               zero     0x2000'7230      0xb4  ui_task.o [1]
  .bss               zero     0x2000'72e4      0x94  main.o [1]
  .bss               zero     0x2000'7378      0x90  main.o [1]
  .bss               zero     0x2000'7408      0x90  main.o [1]
  .bss               zero     0x2000'7498      0x6c  main.o [1]
  .bss               zero     0x2000'7504      0x6c  main.o [1]
  .bss               zero     0x2000'7570      0x58  CPAP.o [1]
  .bss               zero     0x2000'75c8      0x50  color_led.o [1]
  .bss               zero     0x2000'7618      0x50  regular_conversion_manager.o [1]
  .bss               zero     0x2000'7668      0x4c  main.o [1]
  .bss               zero     0x2000'76b4      0x4c  main.o [1]
  .bss               zero     0x2000'7700      0x4c  main.o [1]
  .bss               zero     0x2000'774c      0x4c  main.o [1]
  .bss               zero     0x2000'7798      0x4c  main.o [1]
  .bss               zero     0x2000'77e4      0x4c  main.o [1]
  .bss               zero     0x2000'7830      0x4c  stm32g4xx_hal_timebase_tim.o [1]
  .bss               zero     0x2000'787c      0x3c  main.o [1]
  .bss               zero     0x2000'78b8      0x3c  main.o [1]
  .bss               zero     0x2000'78f4      0x39  key_fifo.o [1]
  .bss               zero     0x2000'792e      0x16  timer.o [1]
  .bss               zero     0x2000'7944      0x30  FlowProcess.o [1]
  .bss               zero     0x2000'7974      0x28  main.o [1]
  .bss               zero     0x2000'799c      0x24  main.o [1]
  .bss               zero     0x2000'79c0      0x24  main.o [1]
  .bss               zero     0x2000'79e4      0x24  main.o [1]
  .bss               zero     0x2000'7a08      0x1b  regular_adc.o [1]
  .bss               zero     0x2000'7a23       0x1  stm32g4xx_it.o [1]
  .bss               zero     0x2000'7a24      0x18  FlowProcess.o [1]
  .bss               zero     0x2000'7a3c      0x18  mc_config.o [1]
  .bss               zero     0x2000'7a54      0x14  rtc.o [1]
  .bss               zero     0x2000'7a68      0x14  sensor_if.o [1]
  .bss               zero     0x2000'7a7c      0x14  sensor_pressure.o [1]
  .bss               zero     0x2000'7a90       0xc  ff_gen_drv.o [1]
  .bss               zero     0x2000'7a9c       0xc  LeakManagement.o [1]
  .bss               zero     0x2000'7aa8       0xc  mc_config.o [1]
  .bss               zero     0x2000'7ab4       0xc  sensor_flow.o [1]
  .bss               zero     0x2000'7ac0       0xc  timeRoutine.o [1]
  .bss               zero     0x2000'7acc       0x8  app_fatfs.o [1]
  .bss               zero     0x2000'7ad4       0x8  FlowProcess.o [1]
  .bss               zero     0x2000'7adc       0x8  led.o [1]
  .bss               zero     0x2000'7ae4       0x8  motor_control_protocol.o [1]
  .bss               zero     0x2000'7aec       0x4  main.o [1]
  .bss               zero     0x2000'7af0       0x4  main.o [1]
  .bss               zero     0x2000'7af4       0x4  main.o [1]
  .bss               zero     0x2000'7af8       0x4  rtc.o [1]
  .bss               zero     0x2000'7afc       0x4  stm32g4xx_hal_msp.o [1]
  .bss               zero     0x2000'7b00       0x1  usbd_ctlreq.o [1]
                            - 0x2000'7b01    0x60d5

"P2", part 3 of 3:                           0x1000
  CSTACK                      0x2000'7b08    0x1000  <Block>
    CSTACK           uninit   0x2000'7b08    0x1000  <Block tail>
                            - 0x2000'8b08    0x1000

Unused ranges:

         From           To      Size
         ----           --      ----
   0x801'52e8   0x807'ffff  0x6'ad18
  0x2000'1a2a  0x2000'1a2b       0x2
  0x2000'7b04  0x2000'7b07       0x4
  0x2000'8b08  0x2001'ffff  0x1'74f8


*******************************************************************************
*** INIT TABLE
***

          Address      Size
          -------      ----
Zero (__iar_zero_init3)
    1 destination range, total size 0x60d5:
          0x2000'1a2c  0x60d5

Copy/lz77 (__iar_lz77_init_single3)
    1 source range, total size 0x390 (13% of destination):
           0x801'4f58   0x390
    1 destination range, total size 0x1a2a:
          0x2000'0000  0x1a2a


*******************************************************************************
*** STACK USAGE
***

  Call Graph Root Category  Max Use  Total Use
  ------------------------  -------  ---------
  Program entry                320        320
  Uncalled function          1'400      4'340


Program entry
  "__iar_program_start": 0x801'4d91

  Maximum call chain                            *?* 320  bytes
    (** call graph contains indirect calls (example: "PWMC_SwitchOffPWM")
                            functions with no stack usage info (example: "vPortEnableVFP") **)

    "__iar_program_start"                             0
    "__cmain"                                         0
    "main"                                           48
    "SystemClock_Config"                            168
    "HAL_RCC_OscConfig"                              32
    "HAL_InitTick"                                   48
    "HAL_TIM_Base_Init"                               8
    "HAL_TIM_Base_MspInit"                            8
    "HAL_NVIC_SetPriority"                            8

Uncalled function
  "TSK_Algorithm": 0x800'4329

  Maximum call chain                            1'400  bytes

    "TSK_Algorithm"                                32
    "CPAPProcess"                                   8
    "BreathTaskProcess"                             8
    "FLDetectionV2"                                 8
    "RecognizeFlowLimitation"                   1'160
    "__iar_vfp_pow"                                 8
    "__iar_pow64"                                  88
    "__iar_Exp64"                                  64
    "__aeabi_dadd"                                 12
    "__iar_dsub"                                   12

Uncalled function
  "TSK_Comm": 0x800'43c9

  Maximum call chain                               72  bytes

    "TSK_Comm"                                      8
    "osDelay"                                       8
    "vTaskDelay"                                   16
    "xTaskResumeAll"                               16
    "xTaskIncrementTick"                           24
    "uxListRemove"                                  0

Uncalled function
  "TSK_CpuUsage": 0x800'43d5

  Maximum call chain                               72  bytes

    "TSK_CpuUsage"                                  8
    "osDelay"                                       8
    "vTaskDelay"                                   16
    "xTaskResumeAll"                               16
    "xTaskIncrementTick"                           24
    "uxListRemove"                                  0

Uncalled function
  "TSK_FileSystem": 0x800'43a5

  Maximum call chain                               72  bytes

    "TSK_FileSystem"                                8
    "osDelay"                                       8
    "vTaskDelay"                                   16
    "xTaskResumeAll"                               16
    "xTaskIncrementTick"                           24
    "uxListRemove"                                  0

Uncalled function
  "TSK_Mode": 0x800'4399

  Maximum call chain                               72  bytes

    "TSK_Mode"                                      8
    "osDelay"                                       8
    "vTaskDelay"                                   16
    "xTaskResumeAll"                               16
    "xTaskIncrementTick"                           24
    "uxListRemove"                                  0

Uncalled function
  "TSK_Peripheral": 0x800'43b1

  Maximum call chain                              112  bytes

    "TSK_Peripheral"                                8
    "TimeService"                                   0
    "sensors_control_polling"                      16
    "DP_measure_start"                              8
    "HAL_I2C_Init"                                  8
    "HAL_I2C_MspInit"                              32
    "HAL_GPIO_Init"                                40

Uncalled function
  "StartSafetyTask": 0x800'9981

  Maximum call chain                            *?* 92  bytes
    (** call graph contains indirect calls (example: "RCM_ExecUserConv") **)

    "StartSafetyTask"                                8
    "TSK_SafetyTask"                                 8
    "TSK_SafetyTask_PWMOFF"                         32
    "RVBS_CalcAvVbus"                               24
    "RCM_ExecRegularConv"                           20

Uncalled function
  "startMediumFrequencyTask": 0x800'9971

  Maximum call chain                            *?* 112  bytes
    (** call graph contains indirect calls (example: "PWMC_SwitchOffPWM") **)

    "startMediumFrequencyTask"                        8
    "MC_RunMotorControlTasks"                         8
    "MC_Scheduler"                                    8
    "TSK_MediumFrequencyTaskM1"                      32
    "RUC_OTF_Exec"                                   32
    "STC_ExecRamp"                                   24
    "STC_GetTorqueRef"                                0

Uncalled function
  "MCP_OnTimeOut": 0x801'4dd1

  Maximum call chain                            *?* 8  bytes
    (** call graph contains indirect calls (example: "MCP_WaitNextFrame") **)

    "MCP_OnTimeOut"                                 0
    "MCP_WaitNextFrame"                             8

Uncalled function
  "MCP_ReceivedFrame": 0x801'20ed

  Maximum call chain                            *?* 104  bytes
    (** call graph contains indirect calls (example: "MCP_ReceivedFrame") **)

    "MCP_ReceivedFrame"                              64
    "UI_ExecCmd"                                     16
    "MCI_StartMotor"                                  8
    "STM_NextState"                                   8
    "STM_FaultProcessing"                             8

Uncalled function
  "MCP_SentFrame": 0x801'4dd5

  Maximum call chain                            *?* 8  bytes
    (** call graph contains indirect calls (example: "MCP_WaitNextFrame") **)

    "MCP_SentFrame"                                 0
    "MCP_WaitNextFrame"                             8

Uncalled function
  "prvTaskExitError" in port.o [1]: 0x800'c5fd

  Maximum call chain                                0  bytes

    "prvTaskExitError" in port.o [1]                0

Uncalled function
  "SysTick_Handler": 0x800'c77d

  Maximum call chain                               32  bytes

    "SysTick_Handler"                               8
    "xTaskIncrementTick"                           24
    "uxListRemove"                                  0

Uncalled function
  "R3_2_HFCurrentsPolarizationAB" in r3_2_g4xx_pwm_curr_fdbk.o [1]: 0x800'edb5

  Maximum call chain                               12  bytes

    "R3_2_HFCurrentsPolarizationAB" in r3_2_g4xx_pwm_curr_fdbk.o [1]
                                                   12

Uncalled function
  "R3_2_HFCurrentsPolarizationC" in r3_2_g4xx_pwm_curr_fdbk.o [1]: 0x800'edfd

[...]
__iar_softfp_frexpl      0x801'0c75          Code  Gb  frexp.o [3]
__iar_sqrt64             0x800'b1c9          Code  Gb  sqrt.o [3]
__iar_vfp___iar_sqrt64   0x800'b1b9          Code  Gb  sqrt.o [3]
__iar_vfp_exp            0x800'eaf7     0xc  Code  Gb  math_wrappers64.o [3]
__iar_vfp_pow            0x800'eb03    0x10  Code  Gb  math_wrappers64.o [3]
__iar_vfp_sin            0x800'eb13     0xc  Code  Gb  math_wrappers64.o [3]
__iar_vfp_sqrt           0x800'b1b9          Code  Gb  sqrt.o [3]
__iar_vfp_sqrtl          0x800'b1b9          Code  Gb  sqrt.o [3]
__iar_zero_init3         0x800'4c77    0x3a  Code  Gb  zero_init3.o [4]
__low_level_init         0x801'4d03     0x4  Code  Gb  low_level_init.o [2]
__vector_table           0x800'0000          Data  Gb  startup_stm32g474xx.o [1]
_call_main               0x801'4cf1          Code  Gb  cmain.o [4]
_exit                    0x801'4d0d          Code  Gb  cexit.o [4]
_main                    0x801'4cff          Code  Gb  cmain.o [4]
adc_temperature_sample_cnt
                        0x2000'185c     0x1  Data  Gb  regular_adc.o [1]
adc_temperature_sum     0x2000'1860     0x4  Data  Gb  regular_adc.o [1]
adc_vbat_sample_cnt     0x2000'1868     0x1  Data  Gb  regular_adc.o [1]
adc_vbat_sum            0x2000'186c     0x4  Data  Gb  regular_adc.o [1]
bCOMATRTimeCounter      0x2000'1a28     0x2  Data  Lc  ui_task.o [1]
bCOMTimeoutCounter      0x2000'1a26     0x2  Data  Lc  ui_task.o [1]
bMCBootCompleted        0x2000'71d8     0x1  Data  Gb  mc_tasks.o [1]
bUITaskCounter          0x2000'1a24     0x2  Data  Lc  ui_task.o [1]
cLeakFlow               0x2000'7aa4     0x4  Data  Gb  LeakManagement.o [1]
color_led_blink_polling
                         0x800'63a9    0x4c  Code  Gb  color_led.o [1]
color_led_init           0x800'62c1    0x4c  Code  Gb  color_led.o [1]
color_led_set_blink_disable
                         0x800'6369    0x3e  Code  Gb  color_led.o [1]
color_led_turn_off       0x800'630d    0x2e  Code  Gb  color_led.o [1]
color_led_turn_on        0x800'633b    0x2e  Code  Gb  color_led.o [1]
configureTimerForRunTimeStats
                         0x800'c7bd     0xc  Code  Wk  app_freertos.o [1]
ctrl_status             0x2000'7a68     0x1  Data  Lc  sensor_if.o [1]
ctrl_timecnt            0x2000'7a78     0x4  Data  Lc  sensor_if.o [1]
curr_flow_lpm           0x2000'7a74     0x4  Data  Gb  sensor_if.o [1]
curr_flow_pa            0x2000'7a70     0x4  Data  Gb  sensor_if.o [1]
curr_mmH2O              0x2000'7a6c     0x2  Data  Gb  sensor_if.o [1]
db_ms                   0x2000'0bae     0x2  Data  Gb  motor_control.o [1]
db_rpm                  0x2000'0bac     0x2  Data  Gb  motor_control.o [1]
db_update_rpm           0x2000'0baa     0x1  Data  Gb  motor_control.o [1]
disk                    0x2000'7a90     0xc  Data  Gb  ff_gen_drv.o [1]
dp_buf                  0x2000'7ab4     0x4  Data  Lc  sensor_flow.o [1]
dp_err_cnt              0x2000'7abc     0x4  Data  Lc  sensor_flow.o [1]
dp_err_flag             0x2000'7ab8     0x1  Data  Lc  sensor_flow.o [1]
dp_raw_value            0x2000'7aba     0x2  Data  Lc  sensor_flow.o [1]
exit                     0x801'4d07     0x4  Code  Gb  exit.o [2]
exp                      0x800'f8d5    0x44  Code  Gb  exp64.o [3]
expl                     0x800'f8d5    0x44  Code  Gb  exp64.o [3]
g_osRunTimerCounter     0x2000'7aec     0x4  Data  Gb  main.o [1]
g_rtc_date              0x2000'7af8     0x4  Data  Gb  rtc.o [1]
g_rtc_time              0x2000'7a54    0x14  Data  Gb  rtc.o [1]
g_user_tim_tick         0x2000'7af0     0x4  Data  Gb  main.o [1]
gain_factor             0x2000'04e4     0x4  Data  Gb  FlowProcess.o [1]
getRunTimeCounterValue   0x800'c7c9     0xc  Code  Wk  app_freertos.o [1]
get_rtc                  0x800'83ed    0x2c  Code  Gb  rtc.o [1]
gp_buf                  0x2000'7a7c     0x8  Data  Lc  sensor_pressure.o [1]
gp_err_cnt              0x2000'7a8c     0x4  Data  Lc  sensor_pressure.o [1]
gp_err_flag             0x2000'7a88     0x4  Data  Lc  sensor_pressure.o [1]
gp_raw_value            0x2000'7a84     0x2  Data  Lc  sensor_pressure.o [1]
hBootCapDelayCounterM1  0x2000'71dc     0x2  Data  Lc  mc_tasks.o [1]
hMFTaskCounterM1        0x2000'71da     0x2  Data  Lc  mc_tasks.o [1]
hStopPermanencyCounterM1
                        0x2000'71de     0x2  Data  Lc  mc_tasks.o [1]
hUsbDeviceFS            0x2000'6940   0x2d0  Data  Gb  usb_device.o [1]
hadc1                   0x2000'7498    0x6c  Data  Gb  main.o [1]
hadc2                   0x2000'7504    0x6c  Data  Gb  main.o [1]
hal_spi_flash_erase      0x801'1b3d    0xa6  Code  Gb  bsp_w25q64.o [1]
hal_spi_flash_erase_write
                         0x801'1fe7    0x1e  Code  Gb  bsp_w25q64.o [1]
hal_spi_flash_get_id     0x801'207b    0x6a  Code  Gb  bsp_w25q64.o [1]
hal_spi_flash_read       0x801'2005    0x76  Code  Gb  bsp_w25q64.o [1]
hal_spi_flash_write      0x801'1be3   0x404  Code  Gb  bsp_w25q64.o [1]
hcomp1                  0x2000'799c    0x24  Data  Gb  main.o [1]
hcomp2                  0x2000'79c0    0x24  Data  Gb  main.o [1]
hcomp4                  0x2000'79e4    0x24  Data  Gb  main.o [1]
hcordic                 0x2000'7330    0x28  Data  Gb  main.o [1]
hi2c3                   0x2000'7668    0x4c  Data  Gb  main.o [1]
hi2c4                   0x2000'76b4    0x4c  Data  Gb  main.o [1]
hopamp1                 0x2000'787c    0x3c  Data  Gb  main.o [1]
hopamp2                 0x2000'78b8    0x3c  Data  Gb  main.o [1]
hpcd_USB_FS             0x2000'664c   0x2f4  Data  Gb  usbd_conf.o [1]
hqspi1                  0x2000'7700    0x4c  Data  Gb  main.o [1]
hrtc                    0x2000'7974    0x28  Data  Gb  main.o [1]
htim1                   0x2000'774c    0x4c  Data  Gb  main.o [1]
htim2                   0x2000'7798    0x4c  Data  Gb  main.o [1]
htim4                   0x2000'77e4    0x4c  Data  Gb  main.o [1]
htim6                   0x2000'7830    0x4c  Data  Gb  stm32g4xx_hal_timebase_tim.o [1]
htim7                   0x2000'72e4    0x4c  Data  Gb  main.o [1]
huart1                  0x2000'7378    0x90  Data  Gb  main.o [1]
huart2                  0x2000'7408    0x90  Data  Gb  main.o [1]
init_err_cnt            0x2000'7a6b     0x1  Data  Lc  sensor_if.o [1]
isApnea                 0x2000'0057     0x1  Data  Gb  BreathTask.o [1]
isApneaO                0x2000'0bd4     0x1  Data  Gb  PressureTask.o [1]
ldexp                    0x801'1625          Code  Gb  ldexp.o [3]
ldexpl                   0x801'1625          Code  Gb  ldexp.o [3]
led_control              0x800'6275    0x3c  Code  Gb  led.o [1]
led_init                 0x800'6225    0x50  Code  Gb  led.o [1]
leds                    0x2000'7adc     0x8  Data  Gb  led.o [1]
lnbias                   0x801'3230   0x420  Data  Lc  pow64.o [3]
main                     0x800'37b9   0x268  Code  Gb  main.o [1]
main::os_thread_def_mediumFrequency
                         0x800'44c0    0x14  Data  Lc  main.o [1]
main::os_thread_def_safety
                         0x800'44d4    0x14  Data  Lc  main.o [1]
main::os_thread_def_task_FS
                         0x800'4510    0x14  Data  Lc  main.o [1]
main::os_thread_def_task_algorithm
                         0x800'44e8    0x14  Data  Lc  main.o [1]
main::os_thread_def_task_comm
                         0x800'4538    0x14  Data  Lc  main.o [1]
main::os_thread_def_task_cpu
                         0x800'454c    0x14  Data  Lc  main.o [1]
main::os_thread_def_task_mode
                         0x800'44fc    0x14  Data  Lc  main.o [1]
main::os_thread_def_task_peripheral
                         0x800'4524    0x14  Data  Lc  main.o [1]
max_pressure_setting    0x2000'0028     0x4  Data  Gb  AutoMode.o [1]
mc_lock_pins             0x800'9991   0x148  Code  Wk  mc_tasks.o [1]
mediumFrequencyHandle   0x2000'7358     0x4  Data  Gb  main.o [1]
memset                   0x800'1a81    0x14  Code  Gb  memset.o [4]
min_pressure_setting    0x2000'002c     0x4  Data  Gb  AutoMode.o [1]
motor_temperature       0x2000'1864     0x4  Data  Gb  regular_adc.o [1]
motor_temperature_conversion_cb
                         0x800'9089    0x26  Code  Lc  regular_adc.o [1]
motorctrl               0x2000'0ba8     0x1  Data  Gb  motor_control.o [1]
motorctrl_basetime_cnt  0x2000'0bb0     0x4  Data  Lc  motor_control.o [1]
motorctrl_curr_rpm      0x2000'0bb4     0x4  Data  Lc  motor_control.o [1]
motorctrl_error_code    0x2000'0bb8     0x4  Data  Gb  motor_control.o [1]
motorctrl_fault         0x2000'0ba9     0x1  Data  Lc  motor_control.o [1]
motorctrl_get_motor_speed
                         0x800'8e33     0x6  Code  Gb  motor_control.o [1]
motorctrl_init           0x800'8e39     0xc  Code  Gb  motor_control.o [1]
motorctrl_polling        0x800'8ea1    0xe0  Code  Gb  motor_control.o [1]
motorctrl_set_motor_speed
                         0x800'8e25     0xe  Code  Gb  motor_control.o [1]
motorctrl_set_start      0x800'8e45    0x34  Code  Gb  motor_control.o [1]
motorctrl_set_stop       0x800'8e79    0x28  Code  Gb  motor_control.o [1]
nLeakFlow               0x2000'7a9c     0x4  Data  Gb  LeakManagement.o [1]
oMCInterface            0x2000'71e0     0x4  Data  Gb  mc_tasks.o [1]
osDelay                  0x800'643f    0x12  Code  Gb  cmsis_os.o [1]
osKernelStart            0x800'6401     0xe  Code  Gb  cmsis_os.o [1]
osThreadCreate           0x800'640f    0x30  Code  Gb  cmsis_os.o [1]
pBusSensorM1            0x2000'71fc     0x4  Data  Gb  mc_tasks.o [1]
pCLM                    0x2000'720c     0x4  Data  Gb  mc_tasks.o [1]
pMCI                    0x2000'0bbc     0x4  Data  Gb  motorcontrol.o [1]
pMCP                    0x2000'72e0     0x4  Data  Gb  ui_task.o [1]
pMCT                    0x2000'0bc0     0x4  Data  Gb  motorcontrol.o [1]
pMPM                    0x2000'7208     0x4  Data  Gb  mc_tasks.o [1]
pPIDId                  0x2000'71f8     0x4  Data  Gb  mc_tasks.o [1]
pPIDIq                  0x2000'71f4     0x4  Data  Gb  mc_tasks.o [1]
pPIDSpeed               0x2000'71f0     0x4  Data  Gb  mc_tasks.o [1]
pREMNG                  0x2000'7210     0x4  Data  Gb  mc_tasks.o [1]
pSTC                    0x2000'71ec     0x4  Data  Gb  mc_tasks.o [1]
pTemperatureSensor      0x2000'7200     0x4  Data  Gb  mc_tasks.o [1]
pUSART                  0x2000'0a6c   0x13c  Data  Gb  mc_config.o [1]
pingKeyLocked           0x2000'792c     0x1  Data  Lc  key_fifo.o [1]
pow                      0x800'f919   0x6c4  Code  Gb  pow64.o [3]
powl                     0x800'f919   0x6c4  Code  Gb  pow64.o [3]
prvIdleTask              0x800'a5a9    0x62  Code  Lc  tasks.o [1]
prvInsertBlockIntoFreeList
                         0x800'c49d    0x78  Code  Lc  heap_4.o [1]
prvTaskExitError         0x800'c5fd    0x1c  Code  Lc  port.o [1]
prv_spi_flash_wait_write_end
                         0x801'1a5f    0x5a  Code  Lc  bsp_w25q64.o [1]
prv_spi_flash_write_page
                         0x801'1ab9    0x84  Code  Lc  bsp_w25q64.o [1]
pvPortMalloc             0x800'c2e1   0x150  Code  Gb  heap_4.o [1]
pwmcHandle              0x2000'7204     0x4  Data  Gb  mc_tasks.o [1]
pxCurrentTCB            0x2000'70f8     0x4  Data  Gb  tasks.o [1]
pxDelayedTaskList       0x2000'70fc     0x4  Data  Lc  tasks.o [1]
pxEnd                   0x2000'1a34     0x4  Data  Lc  heap_4.o [1]
pxOverflowDelayedTaskList
                        0x2000'7100     0x4  Data  Lc  tasks.o [1]
pxPortInitialiseStack    0x800'c5d5    0x28  Code  Gb  port.o [1]
pxReadyTasksLists       0x2000'7058    0x8c  Data  Lc  tasks.o [1]
reg_conv                0x2000'7a08    0x18  Data  Gb  regular_adc.o [1]
reg_conv_ch             0x2000'7a22     0x1  Data  Gb  regular_adc.o [1]
reg_handler             0x2000'7a20     0x2  Data  Gb  regular_adc.o [1]
rgb_leds                0x2000'75c8    0x50  Data  Lc  color_led.o [1]
roughcnt_100ms          0x2000'7ac2     0x2  Data  Gb  timeRoutine.o [1]
roughcnt_10ms           0x2000'7ac0     0x2  Data  Gb  timeRoutine.o [1]
roughcnt_1s             0x2000'7ac4     0x2  Data  Gb  timeRoutine.o [1]
s_fwVer                  0x801'4ca4    0x20  Data  Gb  motorcontrol.o [1]
s_gpio_list              0x800'620c    0x18  Data  Lc  key_fifo.o [1]
s_tBtn                  0x2000'78f4    0x28  Data  Lc  key_fifo.o [1]
s_tKey                  0x2000'791c    0x10  Data  Lc  key_fifo.o [1]
safetyHandle            0x2000'735c     0x4  Data  Gb  main.o [1]
scalbln                  0x801'1625          Code  Gb  ldexp.o [3]
scalblnl                 0x801'1625          Code  Gb  ldexp.o [3]
scalbn                   0x801'1625          Code  Gb  ldexp.o [3]
scalbnl                  0x801'1625          Code  Gb  ldexp.o [3]
sensor_alt              0x2000'7a6a     0x1  Data  Lc  sensor_if.o [1]
sensor_error            0x2000'7a69     0x1  Data  Lc  sensor_if.o [1]
sensors_control_init     0x800'4cb1     0xe  Code  Gb  sensor_if.o [1]
sensors_control_polling
                         0x800'4cc1   0x13c  Code  Gb  sensor_if.o [1]
sensors_rx_cplt_handler
                         0x800'4dfd    0x16  Code  Gb  sensor_if.o [1]
set_rtc_time_default     0x800'8419    0x54  Code  Gb  rtc.o [1]
sin                      0x801'03fd     0x4  Code  Gb  cos_sin64.o [3]
sinl                     0x801'03fd     0x4  Code  Gb  cos_sin64.o [3]
speed_fault_detection::spd_fault_cnt
                        0x2000'0bab     0x1  Data  Lc  motor_control.o [1]
sqrt                     0x800'b1c9          Code  Gb  sqrt.o [3]
sqrtl                    0x800'b1c9          Code  Gb  sqrt.o [3]
startMediumFrequencyTask
                         0x800'9971    0x10  Code  Gb  mc_tasks.o [1]
startTimers              0x800'bf59    0x70  Code  Wk  pwm_common.o [1]
start_measurement        0x800'93a4     0x2  Data  Gb  sensor_flow.o [1]
stopflag                0x2000'7af4     0x4  Data  Gb  main.o [1]
sys                     0x2000'7570    0x58  Data  Gb  CPAP.o [1]
task_FSHandle           0x2000'7364     0x4  Data  Gb  main.o [1]
task_algorithmHandle    0x2000'7374     0x4  Data  Gb  main.o [1]
task_commHandle         0x2000'736c     0x4  Data  Gb  main.o [1]
task_cpuHandle          0x2000'7370     0x4  Data  Gb  main.o [1]
task_modeHandle         0x2000'7360     0x4  Data  Gb  main.o [1]
task_peripheralHandle   0x2000'7368     0x4  Data  Gb  main.o [1]
tempBreathBaseline      0x2000'04fc     0x4  Data  Gb  FlowProcess.o [1]
tempBreathTemplate      0x2000'041a     0x2  Data  Gb  DynamicTemplate.o [1]
tempDiff                0x2000'04bc    0x10  Data  Gb  FlowProcess.o [1]
tmr_100ms_flag          0x2000'7934     0x2  Data  Gb  timer.o [1]
tmr_10ms_flag           0x2000'7932     0x2  Data  Gb  timer.o [1]
tmr_1s_flag             0x2000'7936     0x2  Data  Gb  timer.o [1]
tmr_5ms_flag            0x2000'7930     0x2  Data  Gb  timer.o [1]
tmr_base_flag           0x2000'792e     0x2  Data  Gb  timer.o [1]
tmr_routine             0x2000'7942     0x2  Data  Gb  timer.o [1]
tmrcnt_100ms            0x2000'793e     0x2  Data  Gb  timer.o [1]
tmrcnt_10ms             0x2000'793c     0x2  Data  Gb  timer.o [1]
tmrcnt_1ms              0x2000'7938     0x2  Data  Gb  timer.o [1]
tmrcnt_1s               0x2000'7940     0x2  Data  Gb  timer.o [1]
tmrcnt_5ms              0x2000'793a     0x2  Data  Gb  timer.o [1]
ucHeap                  0x2000'1a4c  0x3c00  Data  Lc  heap_4.o [1]
ucMaxSysCallPriority    0x2000'0bc8     0x1  Data  Lc  port.o [1]
ui_FLDetectCD           0x2000'049c     0x4  Data  Gb  EventDetection.o [1]
ulMaxPRIGROUPValue      0x2000'0bd0     0x4  Data  Lc  port.o [1]
ulTaskSwitchedInTime    0x2000'7130     0x4  Data  Lc  tasks.o [1]
user_regular_adc_init    0x800'9019    0x44  Code  Gb  regular_adc.o [1]
user_regular_adc_measure_requirement
                         0x800'905d    0x2a  Code  Gb  regular_adc.o [1]
user_timer_tick_inc      0x800'431d     0xa  Code  Gb  main.o [1]
uwTick                  0x2000'1870     0x4  Data  Gb  stm32g4xx_hal.o [1]
uwTickFreq              0x2000'1878     0x4  Data  Gb  stm32g4xx_hal.o [1]
uwTickPrio              0x2000'1874     0x4  Data  Gb  stm32g4xx_hal.o [1]
uxCriticalNesting       0x2000'0bcc     0x4  Data  Lc  port.o [1]
uxCurrentNumberOfTasks  0x2000'7108     0x4  Data  Lc  tasks.o [1]
uxDeletedTasksWaitingCleanUp
                        0x2000'7104     0x4  Data  Lc  tasks.o [1]
uxListRemove             0x800'c5ad    0x26  Code  Gb  list.o [1]
uxSchedulerSuspended    0x2000'712c     0x4  Data  Lc  tasks.o [1]
uxTaskNumber            0x2000'7124     0x4  Data  Lc  tasks.o [1]
uxTopReadyPriority      0x2000'7110     0x4  Data  Lc  tasks.o [1]
vListInitialise          0x800'c519    0x1a  Code  Gb  list.o [1]
vListInitialiseItem      0x800'c533     0x6  Code  Gb  list.o [1]
vListInsert              0x800'c555    0x58  Code  Gb  list.o [1]
vListInsertEnd           0x800'c539    0x1c  Code  Gb  list.o [1]
vPortEnableVFP           0x800'f719          Code  Gb  portasm.o [1]
vPortEnterCritical       0x800'c729    0x32  Code  Gb  port.o [1]
vPortExitCritical        0x800'c75b    0x22  Code  Gb  port.o [1]
vPortFree                0x800'c431    0x6c  Code  Gb  heap_4.o [1]
vPortSetupTimerInterrupt
                         0x800'f665    0x1a  Code  Gb  motorcontrol.o [1]
vPortStartFirstTask      0x800'f6f9          Code  Gb  portasm.o [1]
vTaskDelay               0x800'a0a7    0x9a  Code  Gb  tasks.o [1]
vTaskStartScheduler      0x800'a141   0x1dc  Code  Gb  tasks.o [1]
vTaskSuspendAll          0x800'a325     0xe  Code  Gb  tasks.o [1]
vTaskSwitchContext       0x800'a52f    0x78  Code  Gb  tasks.o [1]
vbat_conversion_cb       0x800'90b1    0x2e  Code  Lc  regular_adc.o [1]
vbat_voltage            0x2000'186a     0x2  Data  Gb  regular_adc.o [1]
wConfig                 0x2000'0bc4     0x4  Data  Gb  motorcontrol.o [1]
waitForPolarizationEnd   0x801'04a7    0x4e  Code  Wk  pwm_common.o [1]
xBlockAllocatedBit      0x2000'1a48     0x4  Data  Lc  heap_4.o [1]
xDelayedTaskList1       0x2000'7134    0x14  Data  Lc  tasks.o [1]
xDelayedTaskList2       0x2000'7148    0x14  Data  Lc  tasks.o [1]
xFreeBytesRemaining     0x2000'1a38     0x4  Data  Lc  heap_4.o [1]
xMinimumEverFreeBytesRemaining
                        0x2000'1a3c     0x4  Data  Lc  heap_4.o [1]
xNextTaskUnblockTime    0x2000'7128     0x4  Data  Lc  tasks.o [1]
xNumOfOverflows         0x2000'7120     0x4  Data  Lc  tasks.o [1]
xNumberOfSuccessfulAllocations
                        0x2000'1a40     0x4  Data  Lc  heap_4.o [1]
xNumberOfSuccessfulFrees
                        0x2000'1a44     0x4  Data  Lc  heap_4.o [1]
xPendedTicks            0x2000'7118     0x4  Data  Lc  tasks.o [1]
xPendingReadyList       0x2000'7030    0x14  Data  Lc  tasks.o [1]
xPortStartScheduler      0x800'c619   0x110  Code  Gb  port.o [1]
xSchedulerRunning       0x2000'7114     0x4  Data  Lc  tasks.o [1]
xStart                  0x2000'1a2c     0x8  Data  Lc  heap_4.o [1]
xSuspendedTaskList      0x2000'70e4    0x14  Data  Lc  tasks.o [1]
xTaskCreate              0x800'9ec9   0x1de  Code  Gb  tasks.o [1]
xTaskIncrementTick       0x800'a421   0x10e  Code  Gb  tasks.o [1]
xTaskResumeAll           0x800'a335    0xe2  Code  Gb  tasks.o [1]
xTasksWaitingTermination
                        0x2000'7044    0x14  Data  Lc  tasks.o [1]
xTickCount              0x2000'710c     0x4  Data  Lc  tasks.o [1]
xYieldPending           0x2000'711c     0x4  Data  Lc  tasks.o [1]


[1] = C:\Users\kh.lin\Desktop\MiniPAP Code\MiniPAP Code (STM32G474)\Mockup V0.3\minipap-stm32g474ve-develop v0.4.8x (AutoOff)\EWARM\STM32G474VE_OC_RTOS\Obj
[2] = dl7M_tlf.a
[3] = m7M_tls.a
[4] = rt7M_tl.a
[5] = shb_l.a

  82'754 bytes of readonly  code memory
   4'006 bytes of readonly  data memory
  35'583 bytes of readwrite data memory

Errors: none
Warnings: 2
